Archive member included to satisfy reference by file (symbol)

/home/alvaro/.pico-sdk/toolchain/13_2_Rel1/bin/../lib/gcc/arm-none-eabi/13.2.1/thumb/v6-m/nofp/libgcc.a(_dvmd_tls.o)
                              CMakeFiles/test.dir/home/alvaro/.pico-sdk/sdk/2.0.0/src/rp2_common/pico_divider/divider_hardware.S.obj (__aeabi_idiv0)
/home/alvaro/.pico-sdk/toolchain/13_2_Rel1/bin/../lib/gcc/arm-none-eabi/13.2.1/../../../../arm-none-eabi/lib/thumb/v6-m/nofp/libg.a(libc_a-lcltime_r.o)
                              CMakeFiles/test.dir/home/alvaro/.pico-sdk/sdk/2.0.0/src/common/pico_util/datetime.c.obj (localtime_r)
/home/alvaro/.pico-sdk/toolchain/13_2_Rel1/bin/../lib/gcc/arm-none-eabi/13.2.1/../../../../arm-none-eabi/lib/thumb/v6-m/nofp/libg.a(libc_a-mktime.o)
                              CMakeFiles/test.dir/home/alvaro/.pico-sdk/sdk/2.0.0/src/common/pico_util/datetime.c.obj (mktime)
/home/alvaro/.pico-sdk/toolchain/13_2_Rel1/bin/../lib/gcc/arm-none-eabi/13.2.1/../../../../arm-none-eabi/lib/thumb/v6-m/nofp/libg.a(libc_a-month_lengths.o)
                              /home/alvaro/.pico-sdk/toolchain/13_2_Rel1/bin/../lib/gcc/arm-none-eabi/13.2.1/../../../../arm-none-eabi/lib/thumb/v6-m/nofp/libg.a(libc_a-lcltime_r.o) (__month_lengths)
/home/alvaro/.pico-sdk/toolchain/13_2_Rel1/bin/../lib/gcc/arm-none-eabi/13.2.1/../../../../arm-none-eabi/lib/thumb/v6-m/nofp/libg.a(libc_a-tzcalc_limits.o)
                              /home/alvaro/.pico-sdk/toolchain/13_2_Rel1/bin/../lib/gcc/arm-none-eabi/13.2.1/../../../../arm-none-eabi/lib/thumb/v6-m/nofp/libg.a(libc_a-lcltime_r.o) (__tzcalc_limits)
/home/alvaro/.pico-sdk/toolchain/13_2_Rel1/bin/../lib/gcc/arm-none-eabi/13.2.1/../../../../arm-none-eabi/lib/thumb/v6-m/nofp/libg.a(libc_a-tzlock.o)
                              /home/alvaro/.pico-sdk/toolchain/13_2_Rel1/bin/../lib/gcc/arm-none-eabi/13.2.1/../../../../arm-none-eabi/lib/thumb/v6-m/nofp/libg.a(libc_a-lcltime_r.o) (__tz_lock)
/home/alvaro/.pico-sdk/toolchain/13_2_Rel1/bin/../lib/gcc/arm-none-eabi/13.2.1/../../../../arm-none-eabi/lib/thumb/v6-m/nofp/libg.a(libc_a-malloc.o)
                              CMakeFiles/test.dir/home/alvaro/.pico-sdk/sdk/2.0.0/src/rp2_common/pico_malloc/malloc.c.obj (malloc)
/home/alvaro/.pico-sdk/toolchain/13_2_Rel1/bin/../lib/gcc/arm-none-eabi/13.2.1/../../../../arm-none-eabi/lib/thumb/v6-m/nofp/libg.a(libc_a-mallocr.o)
                              /home/alvaro/.pico-sdk/toolchain/13_2_Rel1/bin/../lib/gcc/arm-none-eabi/13.2.1/../../../../arm-none-eabi/lib/thumb/v6-m/nofp/libg.a(libc_a-malloc.o) (_malloc_r)
/home/alvaro/.pico-sdk/toolchain/13_2_Rel1/bin/../lib/gcc/arm-none-eabi/13.2.1/../../../../arm-none-eabi/lib/thumb/v6-m/nofp/libg.a(libc_a-memcmp.o)
                              CMakeFiles/test.dir/home/alvaro/.pico-sdk/sdk/2.0.0/src/rp2_common/pico_atomic/atomic.c.obj (memcmp)
/home/alvaro/.pico-sdk/toolchain/13_2_Rel1/bin/../lib/gcc/arm-none-eabi/13.2.1/../../../../arm-none-eabi/lib/thumb/v6-m/nofp/libg.a(libc_a-tzset.o)
                              /home/alvaro/.pico-sdk/toolchain/13_2_Rel1/bin/../lib/gcc/arm-none-eabi/13.2.1/../../../../arm-none-eabi/lib/thumb/v6-m/nofp/libg.a(libc_a-lcltime_r.o) (_tzset_unlocked)
/home/alvaro/.pico-sdk/toolchain/13_2_Rel1/bin/../lib/gcc/arm-none-eabi/13.2.1/../../../../arm-none-eabi/lib/thumb/v6-m/nofp/libg.a(libc_a-tzset_r.o)
                              /home/alvaro/.pico-sdk/toolchain/13_2_Rel1/bin/../lib/gcc/arm-none-eabi/13.2.1/../../../../arm-none-eabi/lib/thumb/v6-m/nofp/libg.a(libc_a-tzset.o) (_tzset_unlocked_r)
/home/alvaro/.pico-sdk/toolchain/13_2_Rel1/bin/../lib/gcc/arm-none-eabi/13.2.1/../../../../arm-none-eabi/lib/thumb/v6-m/nofp/libg.a(libc_a-init.o)
                              /home/alvaro/.pico-sdk/toolchain/13_2_Rel1/bin/../lib/gcc/arm-none-eabi/13.2.1/../../../../arm-none-eabi/lib/thumb/v6-m/nofp/crt0.o (__libc_init_array)
/home/alvaro/.pico-sdk/toolchain/13_2_Rel1/bin/../lib/gcc/arm-none-eabi/13.2.1/../../../../arm-none-eabi/lib/thumb/v6-m/nofp/libg.a(libc_a-tzvars.o)
                              /home/alvaro/.pico-sdk/toolchain/13_2_Rel1/bin/../lib/gcc/arm-none-eabi/13.2.1/../../../../arm-none-eabi/lib/thumb/v6-m/nofp/libg.a(libc_a-tzset_r.o) (_timezone)
/home/alvaro/.pico-sdk/toolchain/13_2_Rel1/bin/../lib/gcc/arm-none-eabi/13.2.1/../../../../arm-none-eabi/lib/thumb/v6-m/nofp/libg.a(libc_a-lock.o)
                              /home/alvaro/.pico-sdk/toolchain/13_2_Rel1/bin/../lib/gcc/arm-none-eabi/13.2.1/../../../../arm-none-eabi/lib/thumb/v6-m/nofp/libg.a(libc_a-tzlock.o) (__retarget_lock_acquire)
/home/alvaro/.pico-sdk/toolchain/13_2_Rel1/bin/../lib/gcc/arm-none-eabi/13.2.1/../../../../arm-none-eabi/lib/thumb/v6-m/nofp/libg.a(libc_a-sysconf.o)
                              /home/alvaro/.pico-sdk/toolchain/13_2_Rel1/bin/../lib/gcc/arm-none-eabi/13.2.1/../../../../arm-none-eabi/lib/thumb/v6-m/nofp/libg.a(libc_a-mallocr.o) (sysconf)
[...]
Memory Configuration

Name             Origin             Length             Attributes
FLASH            0x10000000         0x00200000         xr
RAM              0x20000000         0x00040000         xrw
SCRATCH_X        0x20040000         0x00001000         xrw
SCRATCH_Y        0x20041000         0x00001000         xrw
*default*        0x00000000         0xffffffff

Linker script and memory map

LOAD /home/alvaro/.pico-sdk/toolchain/13_2_Rel1/bin/../lib/gcc/arm-none-eabi/13.2.1/thumb/v6-m/nofp/crti.o
LOAD /home/alvaro/.pico-sdk/toolchain/13_2_Rel1/bin/../lib/gcc/arm-none-eabi/13.2.1/thumb/v6-m/nofp/crtbegin.o
LOAD /home/alvaro/.pico-sdk/toolchain/13_2_Rel1/bin/../lib/gcc/arm-none-eabi/13.2.1/../../../../arm-none-eabi/lib/thumb/v6-m/nofp/crt0.o

.flash_begin    0x10000000        0x0
                0x10000000                        __flash_binary_start = .

.boot2          0x10000000      0x100
                0x10000000                        __boot2_start__ = .
 *(.boot2)
 .boot2         0x10000000      0x100 /tmp/ccxDfKCE.o
                0x10000100                        __boot2_end__ = .
                0x00000001                        ASSERT (((__boot2_end__ - __boot2_start__) == 0x100), ERROR: Pico second stage bootloader must be 256 bytes in size)

.text           0x10000100     0x8324
                0x10000100                        __logical_binary_start = .
 *(.vectors)
 .vectors       0x10000100       0xd4 CMakeFiles/test.dir/home/alvaro/.pico-sdk/sdk/2.0.0/src/rp2_common/pico_crt0/crt0.S.obj
                0x10000100                __vectors
                0x10000100                __VECTOR_TABLE
                0x100001c0                isr_invalid
                0x100001c0                __default_isrs_start
                0x100001c2                isr_nmi
                0x100001c4                isr_hardfault
                0x100001c6                isr_svcall
                0x100001c8                isr_pendsv
                0x100001ca                isr_systick
                0x100001cc                isr_irq30
                0x100001cc                __unhandled_user_irq
                0x100001cc                isr_irq13
                0x100001cc                isr_irq27
                0x100001cc                isr_irq31
                0x100001cc                isr_irq5
                0x100001cc                isr_irq11
                0x100001cc                isr_irq23
                0x100001cc                isr_irq18
                0x100001cc                isr_irq28
                0x100001cc                isr_irq19
                0x100001cc                isr_irq0
                0x100001cc                isr_irq6
                0x100001cc                isr_irq22
                0x100001cc                isr_irq17
                0x100001cc                isr_irq14
                0x100001cc                isr_irq2
                0x100001cc                isr_irq10
                0x100001cc                isr_irq8
                0x100001cc                isr_irq24
                0x100001cc                isr_irq1
                0x100001cc                isr_irq7
                0x100001cc                isr_irq21
                0x100001cc                isr_irq20
                0x100001cc                isr_irq15
                0x100001cc                isr_irq25
                0x100001cc                isr_irq4
                0x100001cc                isr_irq16
                0x100001cc                isr_irq29
                0x100001cc                isr_irq26
                0x100001cc                __default_isrs_end
                0x100001cc                isr_irq3
                0x100001cc                isr_irq12
                0x100001cc                isr_irq9
                0x100001d2                unhandled_user_irq_num_in_r0
 *(.binary_info_header)
 .binary_info_header
                0x100001d4       0x14 CMakeFiles/test.dir/home/alvaro/.pico-sdk/sdk/2.0.0/src/rp2_common/pico_crt0/crt0.S.obj
                0x100001e8                        __binary_info_header_end = .
 *(.embedded_block)
                0x100001e8                        __embedded_block_end = .
 *(.reset)
 .reset         0x100001e8       0x9c CMakeFiles/test.dir/home/alvaro/.pico-sdk/sdk/2.0.0/src/rp2_common/pico_crt0/crt0.S.obj
                0x100001e8                _entry_point
 *(.init)
 .init          0x10000284        0x4 /home/alvaro/.pico-sdk/toolchain/13_2_Rel1/bin/../lib/gcc/arm-none-eabi/13.2.1/thumb/v6-m/nofp/crti.o
                0x10000284                _init
 *(EXCLUDE_FILE(*libm.a: *libc.a:*lib_a-mem*.o *libgcc.a:) .text*)
 .text.register_tm_clones
                0x10000288       0x28 /home/alvaro/.pico-sdk/toolchain/13_2_Rel1/bin/../lib/gcc/arm-none-eabi/13.2.1/thumb/v6-m/nofp/crtbegin.o
 .text.frame_dummy
                0x100002b0       0x24 /home/alvaro/.pico-sdk/toolchain/13_2_Rel1/bin/../lib/gcc/arm-none-eabi/13.2.1/thumb/v6-m/nofp/crtbegin.o
 .text.startup.main
                0x100002d4       0x7c CMakeFiles/test.dir/test.c.obj
                0x100002d4                main
 .text.RobotArm_init
                0x10000350       0x40 CMakeFiles/test.dir/code/ArmHandler.c.obj
                0x10000350                RobotArm_init
 .text.calculateAngles
                0x10000390      0x158 CMakeFiles/test.dir/code/ArmHandler.c.obj
                0x10000390                calculateAngles
 .text.moveTo   0x100004e8       0xb0 CMakeFiles/test.dir/code/ArmHandler.c.obj
                0x100004e8                moveTo
 .text.setMillis
                0x10000598       0x78 CMakeFiles/test.dir/servo/servo.c.obj
                0x10000598                setMillis
 .text.setServo
                0x10000610      0x178 CMakeFiles/test.dir/servo/servo.c.obj
                0x10000610                setServo
 .text.gpio_set_function
                0x10000788       0x34 CMakeFiles/test.dir/home/alvaro/.pico-sdk/sdk/2.0.0/src/rp2_common/hardware_gpio/gpio.c.obj
                0x10000788                gpio_set_function
 .text.gpio_init
                0x100007bc       0x40 CMakeFiles/test.dir/home/alvaro/.pico-sdk/sdk/2.0.0/src/rp2_common/hardware_gpio/gpio.c.obj
                0x100007bc                gpio_init
 .text.rp2040_chip_version
                0x100007fc        0xc CMakeFiles/test.dir/home/alvaro/.pico-sdk/sdk/2.0.0/src/rp2040/pico_platform/platform.c.obj
                0x100007fc                rp2040_chip_version
 .text.panic    0x10000808       0x30 CMakeFiles/test.dir/home/alvaro/.pico-sdk/sdk/2.0.0/src/rp2_common/pico_platform_panic/panic.c.obj
                0x10000808                panic
 .text.hw_claim_or_assert
                0x10000838       0x44 CMakeFiles/test.dir/home/alvaro/.pico-sdk/sdk/2.0.0/src/common/hardware_claim/claim.c.obj
                0x10000838                hw_claim_or_assert
 .text.hw_claim_unused_from_range
                0x1000087c       0x9c CMakeFiles/test.dir/home/alvaro/.pico-sdk/sdk/2.0.0/src/common/hardware_claim/claim.c.obj
                0x1000087c                hw_claim_unused_from_range
 .text.next_striped_spin_lock_num
                0x10000918       0x18 CMakeFiles/test.dir/home/alvaro/.pico-sdk/sdk/2.0.0/src/rp2_common/hardware_sync/sync.c.obj
                0x10000918                next_striped_spin_lock_num
 .text.spin_lock_claim_unused
                0x10000930       0x24 CMakeFiles/test.dir/home/alvaro/.pico-sdk/sdk/2.0.0/src/rp2_common/hardware_sync/sync.c.obj
                0x10000930                spin_lock_claim_unused
 .text.spin_locks_reset
                0x10000954       0x1c CMakeFiles/test.dir/home/alvaro/.pico-sdk/sdk/2.0.0/src/rp2_common/hardware_sync_spin_lock/sync_spin_lock.c.obj
                0x10000954                spin_locks_reset
 .text.runtime_init_per_core_irq_priorities
                0x10000970       0x24 CMakeFiles/test.dir/home/alvaro/.pico-sdk/sdk/2.0.0/src/rp2_common/hardware_irq/irq.c.obj
                0x10000970                runtime_init_per_core_irq_priorities
 .text.irq_set_enabled
                0x10000994       0x24 CMakeFiles/test.dir/home/alvaro/.pico-sdk/sdk/2.0.0/src/rp2_common/hardware_irq/irq.c.obj
                0x10000994                irq_set_enabled
 .text.irq_is_enabled
                0x100009b8       0x18 CMakeFiles/test.dir/home/alvaro/.pico-sdk/sdk/2.0.0/src/rp2_common/hardware_irq/irq.c.obj
                0x100009b8                irq_is_enabled
 .text.irq_set_pending
                0x100009d0       0x10 CMakeFiles/test.dir/home/alvaro/.pico-sdk/sdk/2.0.0/src/rp2_common/hardware_irq/irq.c.obj
                0x100009d0                irq_set_pending
 .text.irq_has_shared_handler
                0x100009e0       0x2c CMakeFiles/test.dir/home/alvaro/.pico-sdk/sdk/2.0.0/src/rp2_common/hardware_irq/irq.c.obj
                0x100009e0                irq_has_shared_handler
 .text.irq_set_exclusive_handler
                0x10000a0c       0x54 CMakeFiles/test.dir/home/alvaro/.pico-sdk/sdk/2.0.0/src/rp2_common/hardware_irq/irq.c.obj
                0x10000a0c                irq_set_exclusive_handler
 .text.irq_add_shared_handler
                0x10000a60      0x1f4 CMakeFiles/test.dir/home/alvaro/.pico-sdk/sdk/2.0.0/src/rp2_common/hardware_irq/irq.c.obj
                0x10000a60                irq_add_shared_handler
 .text.irq_remove_handler
                0x10000c54      0x1d4 CMakeFiles/test.dir/home/alvaro/.pico-sdk/sdk/2.0.0/src/rp2_common/hardware_irq/irq.c.obj
                0x10000c54                irq_remove_handler
 .text.irq_add_tail_to_free_list
                0x10000e28       0xb4 CMakeFiles/test.dir/home/alvaro/.pico-sdk/sdk/2.0.0/src/rp2_common/hardware_irq/irq.c.obj
                0x10000e28                irq_add_tail_to_free_list
 .text.user_irq_claim_unused
                0x10000edc       0x2c CMakeFiles/test.dir/home/alvaro/.pico-sdk/sdk/2.0.0/src/rp2_common/hardware_irq/irq.c.obj
                0x10000edc                user_irq_claim_unused
 .text.lock_init
                0x10000f08       0x10 CMakeFiles/test.dir/home/alvaro/.pico-sdk/sdk/2.0.0/src/common/pico_sync/lock_core.c.obj
                0x10000f08                lock_init
 .text.runtime_init_mutex
                0x10000f18       0x50 CMakeFiles/test.dir/home/alvaro/.pico-sdk/sdk/2.0.0/src/common/pico_sync/mutex.c.obj
                0x10000f18                runtime_init_mutex
 .text.mutex_init
                0x10000f68       0x1c CMakeFiles/test.dir/home/alvaro/.pico-sdk/sdk/2.0.0/src/common/pico_sync/mutex.c.obj
                0x10000f68                mutex_init
 .text.critical_section_init
                0x10000f84       0x1c CMakeFiles/test.dir/home/alvaro/.pico-sdk/sdk/2.0.0/src/common/pico_sync/critical_section.c.obj
                0x10000f84                critical_section_init
 .text.critical_section_init_with_lock_num
                0x10000fa0       0x14 CMakeFiles/test.dir/home/alvaro/.pico-sdk/sdk/2.0.0/src/common/pico_sync/critical_section.c.obj
                0x10000fa0                critical_section_init_with_lock_num
 .text.sleep_until_callback
                0x10000fb4       0x30 CMakeFiles/test.dir/home/alvaro/.pico-sdk/sdk/2.0.0/src/common/pico_time/time.c.obj
 .text.alarm_pool_irq_handler
                0x10000fe4      0x2e4 CMakeFiles/test.dir/home/alvaro/.pico-sdk/sdk/2.0.0/src/common/pico_time/time.c.obj
 .text.runtime_init_default_alarm_pool
                0x100012c8       0xdc CMakeFiles/test.dir/home/alvaro/.pico-sdk/sdk/2.0.0/src/common/pico_time/time.c.obj
                0x100012c8                runtime_init_default_alarm_pool
 .text.alarm_pool_get_default
                0x100013a4        0x8 CMakeFiles/test.dir/home/alvaro/.pico-sdk/sdk/2.0.0/src/common/pico_time/time.c.obj
                0x100013a4                alarm_pool_get_default
 .text.alarm_pool_add_alarm_at
                0x100013ac       0xd4 CMakeFiles/test.dir/home/alvaro/.pico-sdk/sdk/2.0.0/src/common/pico_time/time.c.obj
                0x100013ac                alarm_pool_add_alarm_at
 .text.alarm_pool_add_alarm_at_force_in_context
                0x10001480       0xb0 CMakeFiles/test.dir/home/alvaro/.pico-sdk/sdk/2.0.0/src/common/pico_time/time.c.obj
                0x10001480                alarm_pool_add_alarm_at_force_in_context
 .text.alarm_pool_cancel_alarm
                0x10001530       0x74 CMakeFiles/test.dir/home/alvaro/.pico-sdk/sdk/2.0.0/src/common/pico_time/time.c.obj
                0x10001530                alarm_pool_cancel_alarm
 .text.alarm_pool_core_num
                0x100015a4        0x4 CMakeFiles/test.dir/home/alvaro/.pico-sdk/sdk/2.0.0/src/common/pico_time/time.c.obj
                0x100015a4                alarm_pool_core_num
 .text.sleep_until
                0x100015a8       0xd8 CMakeFiles/test.dir/home/alvaro/.pico-sdk/sdk/2.0.0/src/common/pico_time/time.c.obj
                0x100015a8                sleep_until
 .text.sleep_ms
                0x10001680       0x38 CMakeFiles/test.dir/home/alvaro/.pico-sdk/sdk/2.0.0/src/common/pico_time/time.c.obj
                0x10001680                sleep_ms
 .text.best_effort_wfe_or_timeout
                0x100016b8      0x134 CMakeFiles/test.dir/home/alvaro/.pico-sdk/sdk/2.0.0/src/common/pico_time/time.c.obj
                0x100016b8                best_effort_wfe_or_timeout
 .text.timer_hardware_alarm_claim
                0x100017ec       0x14 CMakeFiles/test.dir/home/alvaro/.pico-sdk/sdk/2.0.0/src/rp2_common/hardware_timer/timer.c.obj
                0x100017ec                timer_hardware_alarm_claim
 .text.timer_time_us_64
                0x10001800       0x10 CMakeFiles/test.dir/home/alvaro/.pico-sdk/sdk/2.0.0/src/rp2_common/hardware_timer/timer.c.obj
                0x10001800                timer_time_us_64
 .text.time_us_64
                0x10001810       0x14 CMakeFiles/test.dir/home/alvaro/.pico-sdk/sdk/2.0.0/src/rp2_common/hardware_timer/timer.c.obj
                0x10001810                time_us_64
 .text.busy_wait_us
                0x10001824       0x68 CMakeFiles/test.dir/home/alvaro/.pico-sdk/sdk/2.0.0/src/rp2_common/hardware_timer/timer.c.obj
                0x10001824                busy_wait_us
 .text.busy_wait_until
                0x1000188c       0x20 CMakeFiles/test.dir/home/alvaro/.pico-sdk/sdk/2.0.0/src/rp2_common/hardware_timer/timer.c.obj
                0x1000188c                busy_wait_until
 .text.uart_init
                0x100018ac      0x120 CMakeFiles/test.dir/home/alvaro/.pico-sdk/sdk/2.0.0/src/rp2_common/hardware_uart/uart.c.obj
                0x100018ac                uart_init
 .text.clock_configure_int_divider
                0x100019cc       0xf4 CMakeFiles/test.dir/home/alvaro/.pico-sdk/sdk/2.0.0/src/rp2_common/hardware_clocks/clocks.c.obj
                0x100019cc                clock_configure_int_divider
 .text.clock_configure_undivided
                0x10001ac0       0xe8 CMakeFiles/test.dir/home/alvaro/.pico-sdk/sdk/2.0.0/src/rp2_common/hardware_clocks/clocks.c.obj
                0x10001ac0                clock_configure_undivided
 .text.clock_get_hz
                0x10001ba8        0xc CMakeFiles/test.dir/home/alvaro/.pico-sdk/sdk/2.0.0/src/rp2_common/hardware_clocks/clocks.c.obj
                0x10001ba8                clock_get_hz
 .text.pll_init
                0x10001bb4       0xa4 CMakeFiles/test.dir/home/alvaro/.pico-sdk/sdk/2.0.0/src/rp2_common/hardware_pll/pll.c.obj
                0x10001bb4                pll_init
 .text.watchdog_reboot
                0x10001c58       0x9c CMakeFiles/test.dir/home/alvaro/.pico-sdk/sdk/2.0.0/src/rp2_common/hardware_watchdog/watchdog.c.obj
                0x10001c58                watchdog_reboot
 .text.tick_start
                0x10001cf4       0x10 CMakeFiles/test.dir/home/alvaro/.pico-sdk/sdk/2.0.0/src/rp2_common/hardware_ticks/ticks.c.obj
                0x10001cf4                tick_start
 .text.xosc_init
                0x10001d04       0x28 CMakeFiles/test.dir/home/alvaro/.pico-sdk/sdk/2.0.0/src/rp2_common/hardware_xosc/xosc.c.obj
                0x10001d04                xosc_init
 .text.first_per_core_initializer
                0x10001d2c        0x4 CMakeFiles/test.dir/home/alvaro/.pico-sdk/sdk/2.0.0/src/rp2_common/pico_runtime/runtime.c.obj
 .text.hard_assertion_failure
                0x10001d30        0xc CMakeFiles/test.dir/home/alvaro/.pico-sdk/sdk/2.0.0/src/rp2_common/pico_runtime/runtime.c.obj
                0x10001d30                hard_assertion_failure
 .text.runtime_run_initializers
                0x10001d3c       0x28 CMakeFiles/test.dir/home/alvaro/.pico-sdk/sdk/2.0.0/src/rp2_common/pico_runtime/runtime.c.obj
                0x10001d3c                runtime_run_initializers
 .text.runtime_init_early_resets
                0x10001d64       0x2c CMakeFiles/test.dir/home/alvaro/.pico-sdk/sdk/2.0.0/src/rp2_common/pico_runtime_init/runtime_init.c.obj
                0x10001d64                runtime_init_early_resets
 .text.runtime_init_usb_power_down
                0x10001d90       0x1c CMakeFiles/test.dir/home/alvaro/.pico-sdk/sdk/2.0.0/src/rp2_common/pico_runtime_init/runtime_init.c.obj
                0x10001d90                runtime_init_usb_power_down
 .text.runtime_init_post_clock_resets
                0x10001dac       0x20 CMakeFiles/test.dir/home/alvaro/.pico-sdk/sdk/2.0.0/src/rp2_common/pico_runtime_init/runtime_init.c.obj
                0x10001dac                runtime_init_post_clock_resets
 .text.runtime_init_rp2040_gpio_ie_disable
                0x10001dcc       0x14 CMakeFiles/test.dir/home/alvaro/.pico-sdk/sdk/2.0.0/src/rp2_common/pico_runtime_init/runtime_init.c.obj
                0x10001dcc                runtime_init_rp2040_gpio_ie_disable
 .text.runtime_init_spin_locks_reset
                0x10001de0        0x8 CMakeFiles/test.dir/home/alvaro/.pico-sdk/sdk/2.0.0/src/rp2_common/pico_runtime_init/runtime_init.c.obj
                0x10001de0                runtime_init_spin_locks_reset
 .text.runtime_init_install_ram_vector_table
                0x10001de8       0x1c CMakeFiles/test.dir/home/alvaro/.pico-sdk/sdk/2.0.0/src/rp2_common/pico_runtime_init/runtime_init.c.obj
                0x10001de8                runtime_init_install_ram_vector_table
 .text.runtime_init_clocks
                0x10001e04       0xd8 CMakeFiles/test.dir/home/alvaro/.pico-sdk/sdk/2.0.0/src/rp2_common/pico_runtime_init/runtime_init_clocks.c.obj
                0x10001e04                runtime_init_clocks
 .text          0x10001edc       0x10 CMakeFiles/test.dir/home/alvaro/.pico-sdk/sdk/2.0.0/src/rp2_common/pico_bit_ops/bit_ops_aeabi.S.obj
 .text.rom_func_lookup
                0x10001eec       0x10 CMakeFiles/test.dir/home/alvaro/.pico-sdk/sdk/2.0.0/src/rp2_common/pico_bootrom/bootrom.c.obj
                0x10001eec                rom_func_lookup
 .text.rom_data_lookup
                0x10001efc       0x10 CMakeFiles/test.dir/home/alvaro/.pico-sdk/sdk/2.0.0/src/rp2_common/pico_bootrom/bootrom.c.obj
                0x10001efc                rom_data_lookup
 .text.rom_funcs_lookup
                0x10001f0c       0x44 CMakeFiles/test.dir/home/alvaro/.pico-sdk/sdk/2.0.0/src/rp2_common/pico_bootrom/bootrom.c.obj
                0x10001f0c                rom_funcs_lookup
 .text.rom_reset_usb_boot
                0x10001f50       0x20 CMakeFiles/test.dir/home/alvaro/.pico-sdk/sdk/2.0.0/src/rp2_common/pico_bootrom/bootrom.c.obj
                0x10001f50                rom_reset_usb_boot
 .text.__wrap___aeabi_idiv
                0x10001f70       0x50 CMakeFiles/test.dir/home/alvaro/.pico-sdk/sdk/2.0.0/src/rp2_common/pico_divider/divider_hardware.S.obj
                0x10001f70                __wrap___aeabi_idivmod
                0x10001f70                divmod_s32s32
                0x10001f70                div_s32s32
                0x10001f70                __wrap___aeabi_idiv
                0x10001f78                divmod_s32s32_unsafe
                0x10001fa4                divmod_s32s32_savestate
 .text.__wrap___aeabi_uidiv
                0x10001fc0       0x4c CMakeFiles/test.dir/home/alvaro/.pico-sdk/sdk/2.0.0/src/rp2_common/pico_divider/divider_hardware.S.obj
                0x10001fc0                __wrap___aeabi_uidiv
                0x10001fc0                __wrap___aeabi_uidivmod
                0x10001fc0                div_u32u32
                0x10001fc0                divmod_u32u32
                0x10001fc8                divmod_u32u32_unsafe
                0x10001ff0                divmod_u32u32_savestate
 .text.__wrap___aeabi_ldiv
                0x1000200c      0x424 CMakeFiles/test.dir/home/alvaro/.pico-sdk/sdk/2.0.0/src/rp2_common/pico_divider/divider_hardware.S.obj
                0x1000200c                div_s64s64
                0x1000200c                divmod_s64s64
                0x1000200c                __wrap___aeabi_ldivmod
                0x1000203c                div_u64u64
                0x1000203c                divmod_u64u64
                0x1000203c                __wrap___aeabi_uldivmod
                0x1000204c                divmod_u64u64_savestate
                0x1000206c                divmod_s64s64_unsafe
                0x100020f4                divmod_u64u64_unsafe
 .text.push_r8_r11
                0x10002430        0xc CMakeFiles/test.dir/home/alvaro/.pico-sdk/sdk/2.0.0/src/rp2_common/pico_double/double_aeabi_rp2040.S.obj
                0x10002430                push_r8_r11
 .text.pop_r8_r11
                0x1000243c        0xc CMakeFiles/test.dir/home/alvaro/.pico-sdk/sdk/2.0.0/src/rp2_common/pico_double/double_aeabi_rp2040.S.obj
                0x1000243c                pop_r8_r11
 .text.__wrap___aeabi_darithmetic
                0x10002448       0x80 CMakeFiles/test.dir/home/alvaro/.pico-sdk/sdk/2.0.0/src/rp2_common/pico_double/double_aeabi_rp2040.S.obj
                0x10002448                __wrap___aeabi_drsub
                0x1000244e                __wrap___aeabi_dsub
                0x10002460                __wrap___aeabi_dadd
                0x10002472                __wrap___aeabi_ddiv
                0x100024ae                __wrap___aeabi_dmul
 .text.__wrap___aeabi_cdcmple
                0x100024c8       0x6c CMakeFiles/test.dir/home/alvaro/.pico-sdk/sdk/2.0.0/src/rp2_common/pico_double/double_aeabi_rp2040.S.obj
                0x100024c8                __wrap___aeabi_cdrcmple
                0x100024d8                __wrap___aeabi_cdcmple
                0x100024d8                __wrap___aeabi_cdcmpeq
 .text.__wrap___aeabi_dcmplt
                0x10002534        0xc CMakeFiles/test.dir/home/alvaro/.pico-sdk/sdk/2.0.0/src/rp2_common/pico_double/double_aeabi_rp2040.S.obj
                0x10002534                __wrap___aeabi_dcmplt
 .text.__wrap___aeabi_dcmpge
                0x10002540       0x10 CMakeFiles/test.dir/home/alvaro/.pico-sdk/sdk/2.0.0/src/rp2_common/pico_double/double_aeabi_rp2040.S.obj
                0x10002540                __wrap___aeabi_dcmpge
 .text.__wrap___aeabi_dcmpgt
                0x10002550        0xa CMakeFiles/test.dir/home/alvaro/.pico-sdk/sdk/2.0.0/src/rp2_common/pico_double/double_aeabi_rp2040.S.obj
                0x10002550                __wrap___aeabi_dcmpgt
 .text.__wrap___aeabi_dcmpun
                0x1000255a       0x18 CMakeFiles/test.dir/home/alvaro/.pico-sdk/sdk/2.0.0/src/rp2_common/pico_double/double_aeabi_rp2040.S.obj
                0x1000255a                __wrap___aeabi_dcmpun
 *fill*         0x10002572        0x2 
 .text.__wrap___aeabi_i2d
                0x10002574       0x38 CMakeFiles/test.dir/home/alvaro/.pico-sdk/sdk/2.0.0/src/rp2_common/pico_double/double_aeabi_rp2040.S.obj
                0x10002574                __wrap___aeabi_ui2d
                0x1000257c                __wrap___aeabi_i2d
 .text.__wrap___aeabi_d2iz
                0x100025ac       0x48 CMakeFiles/test.dir/home/alvaro/.pico-sdk/sdk/2.0.0/src/rp2_common/pico_double/double_aeabi_rp2040.S.obj
                0x100025ac                __wrap___aeabi_d2iz
                0x100025ac                double2int_z
 .text.__wrap___aeabi_d2uiz
                0x100025f4       0x18 CMakeFiles/test.dir/home/alvaro/.pico-sdk/sdk/2.0.0/src/rp2_common/pico_double/double_aeabi_rp2040.S.obj
                0x100025f4                double2uint
                0x100025f4                __wrap___aeabi_d2uiz
 .text.__wrap___aeabi_d2f
                0x1000260c       0x18 CMakeFiles/test.dir/home/alvaro/.pico-sdk/sdk/2.0.0/src/rp2_common/pico_double/double_aeabi_rp2040.S.obj
                0x1000260c                __wrap___aeabi_d2f
 .text.__wrap_srqt
                0x10002624       0x18 CMakeFiles/test.dir/home/alvaro/.pico-sdk/sdk/2.0.0/src/rp2_common/pico_double/double_aeabi_rp2040.S.obj
                0x10002624                __wrap_sqrt
 .text.__wrap_atan2
                0x1000263c       0x18 CMakeFiles/test.dir/home/alvaro/.pico-sdk/sdk/2.0.0/src/rp2_common/pico_double/double_aeabi_rp2040.S.obj
                0x1000263c                __wrap_atan2
 .text.__aeabi_double_init
                0x10002654       0xa4 CMakeFiles/test.dir/home/alvaro/.pico-sdk/sdk/2.0.0/src/rp2_common/pico_double/double_init_rom_rp2040.c.obj
                0x10002654                __aeabi_double_init
 .text.__wrap_acos
                0x100026f8       0x54 CMakeFiles/test.dir/home/alvaro/.pico-sdk/sdk/2.0.0/src/rp2_common/pico_double/double_math.c.obj
                0x100026f8                __wrap_acos
 .text.__wrap_atan
                0x1000274c       0x40 CMakeFiles/test.dir/home/alvaro/.pico-sdk/sdk/2.0.0/src/rp2_common/pico_double/double_math.c.obj
                0x1000274c                __wrap_atan
 .text.double_table_shim_on_use_helper
                0x1000278c       0x2c CMakeFiles/test.dir/home/alvaro/.pico-sdk/sdk/2.0.0/src/rp2_common/pico_double/double_v1_rom_shim_rp2040.S.obj
                0x1000278c                double_table_shim_on_use_helper
 .text.__wrap___aeabi_dsub
                0x100027b8       0x10 CMakeFiles/test.dir/home/alvaro/.pico-sdk/sdk/2.0.0/src/rp2_common/pico_double/double_v1_rom_shim_rp2040.S.obj
                0x100027b8                drsub_shim
                0x100027be                dsub_shim
 .text.dadd_shim
                0x100027c8      0x15c CMakeFiles/test.dir/home/alvaro/.pico-sdk/sdk/2.0.0/src/rp2_common/pico_double/double_v1_rom_shim_rp2040.S.obj
                0x100027c8                dadd_shim
 .text.dmul_shim
                0x10002924      0x15c CMakeFiles/test.dir/home/alvaro/.pico-sdk/sdk/2.0.0/src/rp2_common/pico_double/double_v1_rom_shim_rp2040.S.obj
                0x10002924                dmul_shim
 .text.ddiv_shim
                0x10002a80      0x1b0 CMakeFiles/test.dir/home/alvaro/.pico-sdk/sdk/2.0.0/src/rp2_common/pico_double/double_v1_rom_shim_rp2040.S.obj
                0x10002a80                ddiv_shim
 .text.dsqrt_shim
                0x10002c30      0x1a8 CMakeFiles/test.dir/home/alvaro/.pico-sdk/sdk/2.0.0/src/rp2_common/pico_double/double_v1_rom_shim_rp2040.S.obj
                0x10002c4c                dsqrt_shim
 .text.dcordic_vec_step
                0x10002dd8        0xe CMakeFiles/test.dir/home/alvaro/.pico-sdk/sdk/2.0.0/src/rp2_common/pico_double/double_v1_rom_shim_rp2040.S.obj
                0x10002dd8                dcordic_vec_step
 .text.dcordic_rot_step
                0x10002de6       0x76 CMakeFiles/test.dir/home/alvaro/.pico-sdk/sdk/2.0.0/src/rp2_common/pico_double/double_v1_rom_shim_rp2040.S.obj
                0x10002de6                dcordic_rot_step
 .text.double2uint_shim
                0x10002e5c        0xe CMakeFiles/test.dir/home/alvaro/.pico-sdk/sdk/2.0.0/src/rp2_common/pico_double/double_v1_rom_shim_rp2040.S.obj
                0x10002e5c                double2uint_shim
                0x10002e5e                double2ufix_shim
 .text.double2int64_shim
                0x10002e6a       0x1a CMakeFiles/test.dir/home/alvaro/.pico-sdk/sdk/2.0.0/src/rp2_common/pico_double/double_v1_rom_shim_rp2040.S.obj
                0x10002e6a                double2int64_shim
                0x10002e6c                double2fix64_shim
 .text.double2uint64_shim
                0x10002e84       0x70 CMakeFiles/test.dir/home/alvaro/.pico-sdk/sdk/2.0.0/src/rp2_common/pico_double/double_v1_rom_shim_rp2040.S.obj
                0x10002e84                double2uint64_shim
                0x10002e86                double2ufix64_shim
                0x10002ea6                d2fix_a
 .text.double2float_shim
                0x10002ef4       0x5c CMakeFiles/test.dir/home/alvaro/.pico-sdk/sdk/2.0.0/src/rp2_common/pico_double/double_v1_rom_shim_rp2040.S.obj
                0x10002ef4                double2float_shim
 .text.x2double_shims
                0x10002f50       0x90 CMakeFiles/test.dir/home/alvaro/.pico-sdk/sdk/2.0.0/src/rp2_common/pico_double/double_v1_rom_shim_rp2040.S.obj
                0x10002f50                uint2double_shim
                0x10002f52                ufix2double_shim
                0x10002f58                int2double_shim
                0x10002f5a                fix2double_shim
                0x10002f60                uint642double_shim
                0x10002f62                ufix642double_shim
                0x10002f68                int642double_shim
                0x10002f6a                fix642double_shim
 .text.dunpacks
                0x10002fe0       0x3c CMakeFiles/test.dir/home/alvaro/.pico-sdk/sdk/2.0.0/src/rp2_common/pico_double/double_v1_rom_shim_rp2040.S.obj
                0x10002fe0                dunpacks
 .text.dreduce  0x1000301c       0x82 CMakeFiles/test.dir/home/alvaro/.pico-sdk/sdk/2.0.0/src/rp2_common/pico_double/double_v1_rom_shim_rp2040.S.obj
                0x1000301c                dreduce
 *fill*         0x1000309e        0x2 
 .text.dtrig_guts
                0x100030a0      0x2ec CMakeFiles/test.dir/home/alvaro/.pico-sdk/sdk/2.0.0/src/rp2_common/pico_double/double_v1_rom_shim_rp2040.S.obj
                0x10003178                datan2_shim
 .text.__aeabi_lmul
                0x1000338c       0x32 CMakeFiles/test.dir/home/alvaro/.pico-sdk/sdk/2.0.0/src/rp2_common/pico_int64_ops/pico_int64_ops_aeabi.S.obj
                0x1000338c                __wrap___aeabi_lmul
 *fill*         0x100033be        0x2 
 .text.__wrap___aeabi_farithmetic
                0x100033c0       0x48 CMakeFiles/test.dir/home/alvaro/.pico-sdk/sdk/2.0.0/src/rp2_common/pico_float/float_aeabi_rp2040.S.obj
                0x100033c0                __wrap___aeabi_frsub
                0x100033c6                __wrap___aeabi_fsub
                0x100033cc                __wrap___aeabi_fadd
                0x100033d2                __wrap___aeabi_fdiv
                0x100033fa                __wrap___aeabi_fmul
 .text.__wrap___aeabi_cfcmple
                0x10003408       0x50 CMakeFiles/test.dir/home/alvaro/.pico-sdk/sdk/2.0.0/src/rp2_common/pico_float/float_aeabi_rp2040.S.obj
                0x10003408                __wrap___aeabi_cfrcmple
                0x10003414                __wrap___aeabi_cfcmpeq
                0x10003414                __wrap___aeabi_cfcmple
 .text.__wrap___aeabi_fcmpgt
                0x10003458        0xa CMakeFiles/test.dir/home/alvaro/.pico-sdk/sdk/2.0.0/src/rp2_common/pico_float/float_aeabi_rp2040.S.obj
                0x10003458                __wrap___aeabi_fcmpgt
 .text.__wrap___aeabi_ui2f
                0x10003462        0xa CMakeFiles/test.dir/home/alvaro/.pico-sdk/sdk/2.0.0/src/rp2_common/pico_float/float_aeabi_rp2040.S.obj
                0x10003462                uint2float
                0x10003462                __wrap___aeabi_ui2f
 .text.__wrap___aeabi_i2f
                0x1000346c       0x44 CMakeFiles/test.dir/home/alvaro/.pico-sdk/sdk/2.0.0/src/rp2_common/pico_float/float_aeabi_rp2040.S.obj
                0x1000346c                int2float
                0x1000346c                __wrap___aeabi_i2f
 .text.__wrap___aeabi_f2iz
                0x100034b0       0x4e CMakeFiles/test.dir/home/alvaro/.pico-sdk/sdk/2.0.0/src/rp2_common/pico_float/float_aeabi_rp2040.S.obj
                0x100034b0                __wrap___aeabi_f2iz
                0x100034b0                float2int_z
 *fill*         0x100034fe        0x2 
 .text.float2int
                0x10003500       0x14 CMakeFiles/test.dir/home/alvaro/.pico-sdk/sdk/2.0.0/src/rp2_common/pico_float/float_aeabi_rp2040.S.obj
                0x10003500                float2int
 .text.__wrap___aeabi_f2uiz
                0x10003514        0xc CMakeFiles/test.dir/home/alvaro/.pico-sdk/sdk/2.0.0/src/rp2_common/pico_float/float_aeabi_rp2040.S.obj
                0x10003514                float2uint_z
                0x10003514                __wrap___aeabi_f2uiz
 .text.__wrap___aeabi_f2d
                0x10003520       0x14 CMakeFiles/test.dir/home/alvaro/.pico-sdk/sdk/2.0.0/src/rp2_common/pico_float/float_aeabi_rp2040.S.obj
                0x10003520                __wrap___aeabi_f2d
 .text.__aeabi_float_init
                0x10003534       0x64 CMakeFiles/test.dir/home/alvaro/.pico-sdk/sdk/2.0.0/src/rp2_common/pico_float/float_init_rom_rp2040.c.obj
                0x10003534                __aeabi_float_init
 .text.float_table_shim_on_use_helper
                0x10003598       0x2c CMakeFiles/test.dir/home/alvaro/.pico-sdk/sdk/2.0.0/src/rp2_common/pico_float/float_v1_rom_shim_rp2040.S.obj
                0x10003598                float_table_shim_on_use_helper
 .text.float232_shims
                0x100035c4       0x18 CMakeFiles/test.dir/home/alvaro/.pico-sdk/sdk/2.0.0/src/rp2_common/pico_float/float_v1_rom_shim_rp2040.S.obj
                0x100035c4                float2int_shim
                0x100035c6                float2fix_shim
 .text.float2double_shim
                0x100035dc       0x30 CMakeFiles/test.dir/home/alvaro/.pico-sdk/sdk/2.0.0/src/rp2_common/pico_float/float_v1_rom_shim_rp2040.S.obj
                0x100035dc                float2double_shim
 .text.__wrap_malloc
                0x1000360c       0x24 CMakeFiles/test.dir/home/alvaro/.pico-sdk/sdk/2.0.0/src/rp2_common/pico_malloc/malloc.c.obj
                0x1000360c                __wrap_malloc
 .text          0x10003630       0x10 CMakeFiles/test.dir/home/alvaro/.pico-sdk/sdk/2.0.0/src/rp2_common/pico_mem_ops/mem_ops_aeabi.S.obj
                0x10003630                __aeabi_mem_init
 .text.memset   0x10003640        0xc CMakeFiles/test.dir/home/alvaro/.pico-sdk/sdk/2.0.0/src/rp2_common/pico_mem_ops/mem_ops_aeabi.S.obj
                0x10003640                __wrap_memset
 .text.memcpy   0x1000364c        0xc CMakeFiles/test.dir/home/alvaro/.pico-sdk/sdk/2.0.0/src/rp2_common/pico_mem_ops/mem_ops_aeabi.S.obj
                0x1000364c                __wrap___aeabi_memcpy
                0x1000364c                __wrap_memcpy
 .text._out_null
                0x10003658        0x4 CMakeFiles/test.dir/home/alvaro/.pico-sdk/sdk/2.0.0/src/rp2_common/pico_printf/printf.c.obj
 .text._out_rev
                0x1000365c       0xac CMakeFiles/test.dir/home/alvaro/.pico-sdk/sdk/2.0.0/src/rp2_common/pico_printf/printf.c.obj
 .text._ntoa_format
                0x10003708      0x250 CMakeFiles/test.dir/home/alvaro/.pico-sdk/sdk/2.0.0/src/rp2_common/pico_printf/printf.c.obj
 .text._out_char
                0x10003958       0x10 CMakeFiles/test.dir/home/alvaro/.pico-sdk/sdk/2.0.0/src/rp2_common/pico_printf/printf.c.obj
 .text._out_fct
                0x10003968       0x10 CMakeFiles/test.dir/home/alvaro/.pico-sdk/sdk/2.0.0/src/rp2_common/pico_printf/printf.c.obj
 .text._etoa    0x10003978      0x464 CMakeFiles/test.dir/home/alvaro/.pico-sdk/sdk/2.0.0/src/rp2_common/pico_printf/printf.c.obj
 .text._ftoa    0x10003ddc      0x3c0 CMakeFiles/test.dir/home/alvaro/.pico-sdk/sdk/2.0.0/src/rp2_common/pico_printf/printf.c.obj
 .text._vsnprintf
                0x1000419c      0xbc8 CMakeFiles/test.dir/home/alvaro/.pico-sdk/sdk/2.0.0/src/rp2_common/pico_printf/printf.c.obj
 .text.vfctprintf
                0x10004d64       0x20 CMakeFiles/test.dir/home/alvaro/.pico-sdk/sdk/2.0.0/src/rp2_common/pico_printf/printf.c.obj
                0x10004d64                vfctprintf
 .text.weak_raw_vprintf
                0x10004d84       0x30 CMakeFiles/test.dir/home/alvaro/.pico-sdk/sdk/2.0.0/src/rp2_common/pico_printf/printf.c.obj
                0x10004d84                weak_raw_vprintf
 .text._exit    0x10004db4        0x4 CMakeFiles/test.dir/home/alvaro/.pico-sdk/sdk/2.0.0/src/rp2_common/pico_clib_interface/newlib_interface.c.obj
                0x10004db4                _exit
 .text._sbrk    0x10004db8       0x34 CMakeFiles/test.dir/home/alvaro/.pico-sdk/sdk/2.0.0/src/rp2_common/pico_clib_interface/newlib_interface.c.obj
                0x10004db8                _sbrk
 .text.exit     0x10004dec        0x8 CMakeFiles/test.dir/home/alvaro/.pico-sdk/sdk/2.0.0/src/rp2_common/pico_clib_interface/newlib_interface.c.obj
                0x10004dec                exit
 .text.runtime_init
                0x10004df4       0x2c CMakeFiles/test.dir/home/alvaro/.pico-sdk/sdk/2.0.0/src/rp2_common/pico_clib_interface/newlib_interface.c.obj
                0x10004df4                runtime_init
 .text.stdio_out_chars_no_crlf
                0x10004e20       0x10 CMakeFiles/test.dir/home/alvaro/.pico-sdk/sdk/2.0.0/src/rp2_common/pico_stdio/stdio.c.obj
 .text.stdio_out_chars_crlf
                0x10004e30       0x94 CMakeFiles/test.dir/home/alvaro/.pico-sdk/sdk/2.0.0/src/rp2_common/pico_stdio/stdio.c.obj
 .text.stdio_buffered_printer
                0x10004ec4       0x64 CMakeFiles/test.dir/home/alvaro/.pico-sdk/sdk/2.0.0/src/rp2_common/pico_stdio/stdio.c.obj
 .text.stdio_put_string
                0x10004f28      0x100 CMakeFiles/test.dir/home/alvaro/.pico-sdk/sdk/2.0.0/src/rp2_common/pico_stdio/stdio.c.obj
                0x10004f28                stdio_put_string
 .text.stdio_set_driver_enabled
                0x10005028       0x30 CMakeFiles/test.dir/home/alvaro/.pico-sdk/sdk/2.0.0/src/rp2_common/pico_stdio/stdio.c.obj
                0x10005028                stdio_set_driver_enabled
 .text.stdio_init_all
                0x10005058       0x10 CMakeFiles/test.dir/home/alvaro/.pico-sdk/sdk/2.0.0/src/rp2_common/pico_stdio/stdio.c.obj
                0x10005058                stdio_init_all
 .text.__wrap_putchar
                0x10005068       0x98 CMakeFiles/test.dir/home/alvaro/.pico-sdk/sdk/2.0.0/src/rp2_common/pico_stdio/stdio.c.obj
                0x10005068                stdio_putchar
                0x10005068                __wrap_putchar
 .text.__wrap_puts
                0x10005100       0x3c CMakeFiles/test.dir/home/alvaro/.pico-sdk/sdk/2.0.0/src/rp2_common/pico_stdio/stdio.c.obj
                0x10005100                __wrap_puts
                0x10005100                stdio_puts
 .text.__wrap_vprintf
                0x1000513c       0xd4 CMakeFiles/test.dir/home/alvaro/.pico-sdk/sdk/2.0.0/src/rp2_common/pico_stdio/stdio.c.obj
                0x1000513c                __wrap_vprintf
                0x1000513c                stdio_vprintf
 .text.__wrap_printf
                0x10005210       0x18 CMakeFiles/test.dir/home/alvaro/.pico-sdk/sdk/2.0.0/src/rp2_common/pico_stdio/stdio.c.obj
                0x10005210                stdio_printf
                0x10005210                __wrap_printf
 .text.stdio_uart_out_chars
                0x10005228       0x4c CMakeFiles/test.dir/home/alvaro/.pico-sdk/sdk/2.0.0/src/rp2_common/pico_stdio_uart/stdio_uart.c.obj
 .text.stdio_uart_in_chars
                0x10005274       0x90 CMakeFiles/test.dir/home/alvaro/.pico-sdk/sdk/2.0.0/src/rp2_common/pico_stdio_uart/stdio_uart.c.obj
                0x10005274                stdio_uart_in_chars
 .text.on_uart_rx
                0x10005304       0x28 CMakeFiles/test.dir/home/alvaro/.pico-sdk/sdk/2.0.0/src/rp2_common/pico_stdio_uart/stdio_uart.c.obj
 .text.stdio_uart_out_flush
                0x1000532c       0x10 CMakeFiles/test.dir/home/alvaro/.pico-sdk/sdk/2.0.0/src/rp2_common/pico_stdio_uart/stdio_uart.c.obj
 .text.stdio_uart_set_chars_available_callback
                0x1000533c       0x8c CMakeFiles/test.dir/home/alvaro/.pico-sdk/sdk/2.0.0/src/rp2_common/pico_stdio_uart/stdio_uart.c.obj
 .text.stdio_uart_init
                0x100053c8       0x50 CMakeFiles/test.dir/home/alvaro/.pico-sdk/sdk/2.0.0/src/rp2_common/pico_stdio_uart/stdio_uart.c.obj
                0x100053c8                stdio_uart_init
 .text.resetd_init
                0x10005418        0x4 CMakeFiles/test.dir/home/alvaro/.pico-sdk/sdk/2.0.0/src/rp2_common/pico_stdio_usb/reset_interface.c.obj
 .text.resetd_reset
                0x1000541c        0xc CMakeFiles/test.dir/home/alvaro/.pico-sdk/sdk/2.0.0/src/rp2_common/pico_stdio_usb/reset_interface.c.obj
 .text.resetd_open
                0x10005428       0x28 CMakeFiles/test.dir/home/alvaro/.pico-sdk/sdk/2.0.0/src/rp2_common/pico_stdio_usb/reset_interface.c.obj
 .text.resetd_xfer_cb
                0x10005450        0x4 CMakeFiles/test.dir/home/alvaro/.pico-sdk/sdk/2.0.0/src/rp2_common/pico_stdio_usb/reset_interface.c.obj
 .text.resetd_control_xfer_cb
                0x10005454       0x54 CMakeFiles/test.dir/home/alvaro/.pico-sdk/sdk/2.0.0/src/rp2_common/pico_stdio_usb/reset_interface.c.obj
 .text.tud_descriptor_bos_cb
                0x100054a8        0x8 CMakeFiles/test.dir/home/alvaro/.pico-sdk/sdk/2.0.0/src/rp2_common/pico_stdio_usb/reset_interface.c.obj
                0x100054a8                tud_descriptor_bos_cb
 .text.tud_vendor_control_xfer_cb
                0x100054b0       0x34 CMakeFiles/test.dir/home/alvaro/.pico-sdk/sdk/2.0.0/src/rp2_common/pico_stdio_usb/reset_interface.c.obj
                0x100054b0                tud_vendor_control_xfer_cb
 .text.usbd_app_driver_get_cb
                0x100054e4        0xc CMakeFiles/test.dir/home/alvaro/.pico-sdk/sdk/2.0.0/src/rp2_common/pico_stdio_usb/reset_interface.c.obj
                0x100054e4                usbd_app_driver_get_cb
 .text.tud_cdc_line_coding_cb
                0x100054f0       0x28 CMakeFiles/test.dir/home/alvaro/.pico-sdk/sdk/2.0.0/src/rp2_common/pico_stdio_usb/reset_interface.c.obj
                0x100054f0                tud_cdc_line_coding_cb
 .text.stdio_usb_set_chars_available_callback
                0x10005518       0x14 CMakeFiles/test.dir/home/alvaro/.pico-sdk/sdk/2.0.0/src/rp2_common/pico_stdio_usb/stdio_usb.c.obj
                0x10005518                stdio_usb_set_chars_available_callback
 .text.usb_irq  0x1000552c       0x10 CMakeFiles/test.dir/home/alvaro/.pico-sdk/sdk/2.0.0/src/rp2_common/pico_stdio_usb/stdio_usb.c.obj
 .text.timer_task
                0x1000553c       0x64 CMakeFiles/test.dir/home/alvaro/.pico-sdk/sdk/2.0.0/src/rp2_common/pico_stdio_usb/stdio_usb.c.obj
 .text.stdio_usb_in_chars
                0x100055a0       0x90 CMakeFiles/test.dir/home/alvaro/.pico-sdk/sdk/2.0.0/src/rp2_common/pico_stdio_usb/stdio_usb.c.obj
                0x100055a0                stdio_usb_in_chars
 .text.stdio_usb_out_flush
                0x10005630       0x50 CMakeFiles/test.dir/home/alvaro/.pico-sdk/sdk/2.0.0/src/rp2_common/pico_stdio_usb/stdio_usb.c.obj
 .text.stdio_usb_out_chars
                0x10005680      0x104 CMakeFiles/test.dir/home/alvaro/.pico-sdk/sdk/2.0.0/src/rp2_common/pico_stdio_usb/stdio_usb.c.obj
 .text.low_priority_worker_irq
                0x10005784       0xcc CMakeFiles/test.dir/home/alvaro/.pico-sdk/sdk/2.0.0/src/rp2_common/pico_stdio_usb/stdio_usb.c.obj
 .text.stdio_usb_init
                0x10005850       0xe8 CMakeFiles/test.dir/home/alvaro/.pico-sdk/sdk/2.0.0/src/rp2_common/pico_stdio_usb/stdio_usb.c.obj
                0x10005850                stdio_usb_init
 .text.tud_descriptor_device_cb
                0x10005938        0x8 CMakeFiles/test.dir/home/alvaro/.pico-sdk/sdk/2.0.0/src/rp2_common/pico_stdio_usb/stdio_usb_descriptors.c.obj
                0x10005938                tud_descriptor_device_cb
 .text.tud_descriptor_configuration_cb
                0x10005940        0x8 CMakeFiles/test.dir/home/alvaro/.pico-sdk/sdk/2.0.0/src/rp2_common/pico_stdio_usb/stdio_usb_descriptors.c.obj
                0x10005940                tud_descriptor_configuration_cb
 .text.tud_descriptor_string_cb
                0x10005948       0x78 CMakeFiles/test.dir/home/alvaro/.pico-sdk/sdk/2.0.0/src/rp2_common/pico_stdio_usb/stdio_usb_descriptors.c.obj
                0x10005948                tud_descriptor_string_cb
 .text.startup._retrieve_unique_id_on_boot
                0x100059c0       0x10 CMakeFiles/test.dir/home/alvaro/.pico-sdk/sdk/2.0.0/src/rp2_common/pico_unique_id/unique_id.c.obj
 .text.pico_get_unique_board_id_string
                0x100059d0      0x1a8 CMakeFiles/test.dir/home/alvaro/.pico-sdk/sdk/2.0.0/src/rp2_common/pico_unique_id/unique_id.c.obj
                0x100059d0                pico_get_unique_board_id_string
 .text.flash_get_unique_id
                0x10005b78       0x3c CMakeFiles/test.dir/home/alvaro/.pico-sdk/sdk/2.0.0/src/rp2_common/hardware_flash/flash.c.obj
                0x10005b78                flash_get_unique_id
 .text.dcd_init
                0x10005bb4       0x8c CMakeFiles/test.dir/home/alvaro/.pico-sdk/sdk/2.0.0/lib/tinyusb/src/portable/raspberrypi/rp2040/dcd_rp2040.c.obj
                0x10005bb4                dcd_init
 .text.dcd_int_enable
                0x10005c40        0xc CMakeFiles/test.dir/home/alvaro/.pico-sdk/sdk/2.0.0/lib/tinyusb/src/portable/raspberrypi/rp2040/dcd_rp2040.c.obj
                0x10005c40                dcd_int_enable
 .text.dcd_set_address
                0x10005c4c       0x14 CMakeFiles/test.dir/home/alvaro/.pico-sdk/sdk/2.0.0/lib/tinyusb/src/portable/raspberrypi/rp2040/dcd_rp2040.c.obj
                0x10005c4c                dcd_set_address
 .text.dcd_sof_enable
                0x10005c60       0x1c CMakeFiles/test.dir/home/alvaro/.pico-sdk/sdk/2.0.0/lib/tinyusb/src/portable/raspberrypi/rp2040/dcd_rp2040.c.obj
                0x10005c60                dcd_sof_enable
 .text.dcd_edpt0_status_complete
                0x10005c7c       0x1c CMakeFiles/test.dir/home/alvaro/.pico-sdk/sdk/2.0.0/lib/tinyusb/src/portable/raspberrypi/rp2040/dcd_rp2040.c.obj
                0x10005c7c                dcd_edpt0_status_complete
 .text.dcd_edpt_open
                0x10005c98      0x108 CMakeFiles/test.dir/home/alvaro/.pico-sdk/sdk/2.0.0/lib/tinyusb/src/portable/raspberrypi/rp2040/dcd_rp2040.c.obj
                0x10005c98                dcd_edpt_open
 .text.dcd_edpt_close_all
                0x10005da0        0x8 CMakeFiles/test.dir/home/alvaro/.pico-sdk/sdk/2.0.0/lib/tinyusb/src/portable/raspberrypi/rp2040/dcd_rp2040.c.obj
                0x10005da0                dcd_edpt_close_all
 .text.dcd_edpt_xfer
                0x10005da8       0x24 CMakeFiles/test.dir/home/alvaro/.pico-sdk/sdk/2.0.0/lib/tinyusb/src/portable/raspberrypi/rp2040/dcd_rp2040.c.obj
                0x10005da8                dcd_edpt_xfer
 .text.dcd_edpt_stall
                0x10005dcc       0x34 CMakeFiles/test.dir/home/alvaro/.pico-sdk/sdk/2.0.0/lib/tinyusb/src/portable/raspberrypi/rp2040/dcd_rp2040.c.obj
                0x10005dcc                dcd_edpt_stall
 .text.dcd_edpt_clear_stall
                0x10005e00       0x30 CMakeFiles/test.dir/home/alvaro/.pico-sdk/sdk/2.0.0/lib/tinyusb/src/portable/raspberrypi/rp2040/dcd_rp2040.c.obj
                0x10005e00                dcd_edpt_clear_stall
 .text.rp2040_usb_init
                0x10005e30       0x40 CMakeFiles/test.dir/home/alvaro/.pico-sdk/sdk/2.0.0/lib/tinyusb/src/portable/raspberrypi/rp2040/rp2040_usb.c.obj
                0x10005e30                rp2040_usb_init
 .text.hw_endpoint_xfer_start
                0x10005e70       0x40 CMakeFiles/test.dir/home/alvaro/.pico-sdk/sdk/2.0.0/lib/tinyusb/src/portable/raspberrypi/rp2040/rp2040_usb.c.obj
                0x10005e70                hw_endpoint_xfer_start
 .text.tud_event_hook_cb
                0x10005eb0        0x4 CMakeFiles/test.dir/home/alvaro/.pico-sdk/sdk/2.0.0/lib/tinyusb/src/device/usbd.c.obj
                0x10005eb0                tud_event_hook_cb
 .text.tud_sof_cb
                0x10005eb4        0x4 CMakeFiles/test.dir/home/alvaro/.pico-sdk/sdk/2.0.0/lib/tinyusb/src/device/usbd.c.obj
                0x10005eb4                tud_sof_cb
 .text.tud_descriptor_device_qualifier_cb
                0x10005eb8        0x4 CMakeFiles/test.dir/home/alvaro/.pico-sdk/sdk/2.0.0/lib/tinyusb/src/device/usbd.c.obj
                0x10005eb8                tud_descriptor_device_qualifier_cb
 .text.tud_descriptor_other_speed_configuration_cb
                0x10005ebc        0x4 CMakeFiles/test.dir/home/alvaro/.pico-sdk/sdk/2.0.0/lib/tinyusb/src/device/usbd.c.obj
                0x10005ebc                tud_descriptor_other_speed_configuration_cb
 .text.tud_mount_cb
                0x10005ec0        0x4 CMakeFiles/test.dir/home/alvaro/.pico-sdk/sdk/2.0.0/lib/tinyusb/src/device/usbd.c.obj
                0x10005ec0                tud_mount_cb
 .text.tud_umount_cb
                0x10005ec4        0x4 CMakeFiles/test.dir/home/alvaro/.pico-sdk/sdk/2.0.0/lib/tinyusb/src/device/usbd.c.obj
                0x10005ec4                tud_umount_cb
 .text.tud_suspend_cb
                0x10005ec8        0x4 CMakeFiles/test.dir/home/alvaro/.pico-sdk/sdk/2.0.0/lib/tinyusb/src/device/usbd.c.obj
                0x10005ec8                tud_suspend_cb
 .text.tud_resume_cb
                0x10005ecc        0x4 CMakeFiles/test.dir/home/alvaro/.pico-sdk/sdk/2.0.0/lib/tinyusb/src/device/usbd.c.obj
                0x10005ecc                tud_resume_cb
 .text.tud_mounted
                0x10005ed0       0x10 CMakeFiles/test.dir/home/alvaro/.pico-sdk/sdk/2.0.0/lib/tinyusb/src/device/usbd.c.obj
                0x10005ed0                tud_mounted
 .text.tud_suspended
                0x10005ee0       0x10 CMakeFiles/test.dir/home/alvaro/.pico-sdk/sdk/2.0.0/lib/tinyusb/src/device/usbd.c.obj
                0x10005ee0                tud_suspended
 .text.tud_init
                0x10005ef0       0xe4 CMakeFiles/test.dir/home/alvaro/.pico-sdk/sdk/2.0.0/lib/tinyusb/src/device/usbd.c.obj
                0x10005ef0                tud_init
 .text.tud_task_ext
                0x10005fd4      0x800 CMakeFiles/test.dir/home/alvaro/.pico-sdk/sdk/2.0.0/lib/tinyusb/src/device/usbd.c.obj
                0x10005fd4                tud_task_ext
 .text.usbd_open_edpt_pair
                0x100067d4       0x9c CMakeFiles/test.dir/home/alvaro/.pico-sdk/sdk/2.0.0/lib/tinyusb/src/device/usbd.c.obj
                0x100067d4                usbd_open_edpt_pair
 .text.usbd_edpt_open
                0x10006870       0x34 CMakeFiles/test.dir/home/alvaro/.pico-sdk/sdk/2.0.0/lib/tinyusb/src/device/usbd.c.obj
                0x10006870                usbd_edpt_open
 .text.usbd_edpt_claim
                0x100068a4       0x28 CMakeFiles/test.dir/home/alvaro/.pico-sdk/sdk/2.0.0/lib/tinyusb/src/device/usbd.c.obj
                0x100068a4                usbd_edpt_claim
 .text.usbd_edpt_release
                0x100068cc       0x28 CMakeFiles/test.dir/home/alvaro/.pico-sdk/sdk/2.0.0/lib/tinyusb/src/device/usbd.c.obj
                0x100068cc                usbd_edpt_release
 .text.usbd_edpt_xfer
                0x100068f4       0x4c CMakeFiles/test.dir/home/alvaro/.pico-sdk/sdk/2.0.0/lib/tinyusb/src/device/usbd.c.obj
                0x100068f4                usbd_edpt_xfer
 .text.tud_control_status
                0x10006940       0x2c CMakeFiles/test.dir/home/alvaro/.pico-sdk/sdk/2.0.0/lib/tinyusb/src/device/usbd_control.c.obj
                0x10006940                tud_control_status
 .text.tud_control_xfer
                0x1000696c       0xac CMakeFiles/test.dir/home/alvaro/.pico-sdk/sdk/2.0.0/lib/tinyusb/src/device/usbd_control.c.obj
                0x1000696c                tud_control_xfer
 .text.usbd_control_reset
                0x10006a18       0x14 CMakeFiles/test.dir/home/alvaro/.pico-sdk/sdk/2.0.0/lib/tinyusb/src/device/usbd_control.c.obj
                0x10006a18                usbd_control_reset
 .text.usbd_control_set_complete_callback
                0x10006a2c        0xc CMakeFiles/test.dir/home/alvaro/.pico-sdk/sdk/2.0.0/lib/tinyusb/src/device/usbd_control.c.obj
                0x10006a2c                usbd_control_set_complete_callback
 .text.usbd_control_set_request
                0x10006a38       0x1c CMakeFiles/test.dir/home/alvaro/.pico-sdk/sdk/2.0.0/lib/tinyusb/src/device/usbd_control.c.obj
                0x10006a38                usbd_control_set_request
 .text.usbd_control_xfer_cb
                0x10006a54       0xec CMakeFiles/test.dir/home/alvaro/.pico-sdk/sdk/2.0.0/lib/tinyusb/src/device/usbd_control.c.obj
                0x10006a54                usbd_control_xfer_cb
 .text._prep_out_transaction.isra.0
                0x10006b40       0x5c CMakeFiles/test.dir/home/alvaro/.pico-sdk/sdk/2.0.0/lib/tinyusb/src/class/cdc/cdc_device.c.obj
 .text.tud_cdc_n_connected
                0x10006b9c       0x30 CMakeFiles/test.dir/home/alvaro/.pico-sdk/sdk/2.0.0/lib/tinyusb/src/class/cdc/cdc_device.c.obj
                0x10006b9c                tud_cdc_n_connected
 .text.tud_cdc_n_available
                0x10006bcc       0x18 CMakeFiles/test.dir/home/alvaro/.pico-sdk/sdk/2.0.0/lib/tinyusb/src/class/cdc/cdc_device.c.obj
                0x10006bcc                tud_cdc_n_available
 .text.tud_cdc_n_read
                0x10006be4       0x98 CMakeFiles/test.dir/home/alvaro/.pico-sdk/sdk/2.0.0/lib/tinyusb/src/class/cdc/cdc_device.c.obj
                0x10006be4                tud_cdc_n_read
 .text.tud_cdc_n_write_flush
                0x10006c7c       0x78 CMakeFiles/test.dir/home/alvaro/.pico-sdk/sdk/2.0.0/lib/tinyusb/src/class/cdc/cdc_device.c.obj
                0x10006c7c                tud_cdc_n_write_flush
 .text.tud_cdc_n_write
                0x10006cf4       0x40 CMakeFiles/test.dir/home/alvaro/.pico-sdk/sdk/2.0.0/lib/tinyusb/src/class/cdc/cdc_device.c.obj
                0x10006cf4                tud_cdc_n_write
 .text.tud_cdc_n_write_available
                0x10006d34       0x18 CMakeFiles/test.dir/home/alvaro/.pico-sdk/sdk/2.0.0/lib/tinyusb/src/class/cdc/cdc_device.c.obj
                0x10006d34                tud_cdc_n_write_available
 .text.cdcd_init
                0x10006d4c       0x7c CMakeFiles/test.dir/home/alvaro/.pico-sdk/sdk/2.0.0/lib/tinyusb/src/class/cdc/cdc_device.c.obj
                0x10006d4c                cdcd_init
 .text.cdcd_deinit
                0x10006dc8       0x34 CMakeFiles/test.dir/home/alvaro/.pico-sdk/sdk/2.0.0/lib/tinyusb/src/class/cdc/cdc_device.c.obj
                0x10006dc8                cdcd_deinit
 .text.cdcd_reset
                0x10006dfc       0x4c CMakeFiles/test.dir/home/alvaro/.pico-sdk/sdk/2.0.0/lib/tinyusb/src/class/cdc/cdc_device.c.obj
                0x10006dfc                cdcd_reset
 .text.cdcd_open
                0x10006e48       0xb0 CMakeFiles/test.dir/home/alvaro/.pico-sdk/sdk/2.0.0/lib/tinyusb/src/class/cdc/cdc_device.c.obj
                0x10006e48                cdcd_open
 .text.cdcd_control_xfer_cb
                0x10006ef8       0xe4 CMakeFiles/test.dir/home/alvaro/.pico-sdk/sdk/2.0.0/lib/tinyusb/src/class/cdc/cdc_device.c.obj
                0x10006ef8                cdcd_control_xfer_cb
 .text.cdcd_xfer_cb
                0x10006fdc      0x100 CMakeFiles/test.dir/home/alvaro/.pico-sdk/sdk/2.0.0/lib/tinyusb/src/class/cdc/cdc_device.c.obj
                0x10006fdc                cdcd_xfer_cb
 .text.tud_vendor_n_write_flush
                0x100070dc       0x78 CMakeFiles/test.dir/home/alvaro/.pico-sdk/sdk/2.0.0/lib/tinyusb/src/class/vendor/vendor_device.c.obj
                0x100070dc                tud_vendor_n_write_flush
 .text.vendord_init
                0x10007154       0x64 CMakeFiles/test.dir/home/alvaro/.pico-sdk/sdk/2.0.0/lib/tinyusb/src/class/vendor/vendor_device.c.obj
                0x10007154                vendord_init
 .text.vendord_deinit
                0x100071b8       0x34 CMakeFiles/test.dir/home/alvaro/.pico-sdk/sdk/2.0.0/lib/tinyusb/src/class/vendor/vendor_device.c.obj
                0x100071b8                vendord_deinit
 .text.vendord_reset
                0x100071ec       0x1c CMakeFiles/test.dir/home/alvaro/.pico-sdk/sdk/2.0.0/lib/tinyusb/src/class/vendor/vendor_device.c.obj
                0x100071ec                vendord_reset
 .text.vendord_open
                0x10007208       0xd8 CMakeFiles/test.dir/home/alvaro/.pico-sdk/sdk/2.0.0/lib/tinyusb/src/class/vendor/vendor_device.c.obj
                0x10007208                vendord_open
 .text.vendord_xfer_cb
                0x100072e0       0xc8 CMakeFiles/test.dir/home/alvaro/.pico-sdk/sdk/2.0.0/lib/tinyusb/src/class/vendor/vendor_device.c.obj
                0x100072e0                vendord_xfer_cb
 .text.tusb_init
                0x100073a8        0xc CMakeFiles/test.dir/home/alvaro/.pico-sdk/sdk/2.0.0/lib/tinyusb/src/tusb.c.obj
                0x100073a8                tusb_init
 .text.tu_edpt_claim
                0x100073b4       0x50 CMakeFiles/test.dir/home/alvaro/.pico-sdk/sdk/2.0.0/lib/tinyusb/src/tusb.c.obj
                0x100073b4                tu_edpt_claim
 .text.tu_edpt_release
                0x10007404       0x38 CMakeFiles/test.dir/home/alvaro/.pico-sdk/sdk/2.0.0/lib/tinyusb/src/tusb.c.obj
                0x10007404                tu_edpt_release
 .text.tu_edpt_validate
                0x1000743c       0x7c CMakeFiles/test.dir/home/alvaro/.pico-sdk/sdk/2.0.0/lib/tinyusb/src/tusb.c.obj
                0x1000743c                tu_edpt_validate
 .text.tu_edpt_bind_driver
                0x100074b8       0x34 CMakeFiles/test.dir/home/alvaro/.pico-sdk/sdk/2.0.0/lib/tinyusb/src/tusb.c.obj
                0x100074b8                tu_edpt_bind_driver
 .text.tu_fifo_config
                0x100074ec       0x6c CMakeFiles/test.dir/home/alvaro/.pico-sdk/sdk/2.0.0/lib/tinyusb/src/common/tusb_fifo.c.obj
                0x100074ec                tu_fifo_config
 .text.tu_fifo_count
                0x10007558       0x2c CMakeFiles/test.dir/home/alvaro/.pico-sdk/sdk/2.0.0/lib/tinyusb/src/common/tusb_fifo.c.obj
                0x10007558                tu_fifo_count
 .text.tu_fifo_empty
                0x10007584       0x10 CMakeFiles/test.dir/home/alvaro/.pico-sdk/sdk/2.0.0/lib/tinyusb/src/common/tusb_fifo.c.obj
                0x10007584                tu_fifo_empty
 .text.tu_fifo_remaining
                0x10007594       0x2c CMakeFiles/test.dir/home/alvaro/.pico-sdk/sdk/2.0.0/lib/tinyusb/src/common/tusb_fifo.c.obj
                0x10007594                tu_fifo_remaining
 .text.tu_fifo_read
                0x100075c0       0x9c CMakeFiles/test.dir/home/alvaro/.pico-sdk/sdk/2.0.0/lib/tinyusb/src/common/tusb_fifo.c.obj
                0x100075c0                tu_fifo_read
 .text.tu_fifo_read_n
                0x1000765c       0xe8 CMakeFiles/test.dir/home/alvaro/.pico-sdk/sdk/2.0.0/lib/tinyusb/src/common/tusb_fifo.c.obj
                0x1000765c                tu_fifo_read_n
 .text.tu_fifo_write
                0x10007744       0xa8 CMakeFiles/test.dir/home/alvaro/.pico-sdk/sdk/2.0.0/lib/tinyusb/src/common/tusb_fifo.c.obj
                0x10007744                tu_fifo_write
 .text.tu_fifo_write_n
                0x100077ec      0x178 CMakeFiles/test.dir/home/alvaro/.pico-sdk/sdk/2.0.0/lib/tinyusb/src/common/tusb_fifo.c.obj
                0x100077ec                tu_fifo_write_n
 .text.tu_fifo_clear
                0x10007964       0x40 CMakeFiles/test.dir/home/alvaro/.pico-sdk/sdk/2.0.0/lib/tinyusb/src/common/tusb_fifo.c.obj
                0x10007964                tu_fifo_clear
 .text.tu_fifo_set_overwritable
                0x100079a4       0x48 CMakeFiles/test.dir/home/alvaro/.pico-sdk/sdk/2.0.0/lib/tinyusb/src/common/tusb_fifo.c.obj
                0x100079a4                tu_fifo_set_overwritable
 .text.malloc   0x100079ec       0x14 /home/alvaro/.pico-sdk/toolchain/13_2_Rel1/bin/../lib/gcc/arm-none-eabi/13.2.1/../../../../arm-none-eabi/lib/thumb/v6-m/nofp/libg.a(libc_a-malloc.o)
                0x100079ec                malloc
 .text._malloc_r
                0x10007a00      0x5c4 /home/alvaro/.pico-sdk/toolchain/13_2_Rel1/bin/../lib/gcc/arm-none-eabi/13.2.1/../../../../arm-none-eabi/lib/thumb/v6-m/nofp/libg.a(libc_a-mallocr.o)
                0x10007a00                _malloc_r
 .text.__retarget_lock_acquire_recursive
                0x10007fc4        0x4 /home/alvaro/.pico-sdk/toolchain/13_2_Rel1/bin/../lib/gcc/arm-none-eabi/13.2.1/../../../../arm-none-eabi/lib/thumb/v6-m/nofp/libg.a(libc_a-lock.o)
                0x10007fc4                __retarget_lock_acquire_recursive
 .text.__retarget_lock_release_recursive
                0x10007fc8        0x4 /home/alvaro/.pico-sdk/toolchain/13_2_Rel1/bin/../lib/gcc/arm-none-eabi/13.2.1/../../../../arm-none-eabi/lib/thumb/v6-m/nofp/libg.a(libc_a-lock.o)
                0x10007fc8                __retarget_lock_release_recursive
 .text.sysconf  0x10007fcc       0x1c /home/alvaro/.pico-sdk/toolchain/13_2_Rel1/bin/../lib/gcc/arm-none-eabi/13.2.1/../../../../arm-none-eabi/lib/thumb/v6-m/nofp/libg.a(libc_a-sysconf.o)
                0x10007fcc                sysconf
 .text.__malloc_lock
                0x10007fe8       0x10 /home/alvaro/.pico-sdk/toolchain/13_2_Rel1/bin/../lib/gcc/arm-none-eabi/13.2.1/../../../../arm-none-eabi/lib/thumb/v6-m/nofp/libg.a(libc_a-mlock.o)
                0x10007fe8                __malloc_lock
 .text.__malloc_unlock
                0x10007ff8       0x10 /home/alvaro/.pico-sdk/toolchain/13_2_Rel1/bin/../lib/gcc/arm-none-eabi/13.2.1/../../../../arm-none-eabi/lib/thumb/v6-m/nofp/libg.a(libc_a-mlock.o)
                0x10007ff8                __malloc_unlock
 .text.strlen   0x10008008       0x5c /home/alvaro/.pico-sdk/toolchain/13_2_Rel1/bin/../lib/gcc/arm-none-eabi/13.2.1/../../../../arm-none-eabi/lib/thumb/v6-m/nofp/libg.a(libc_a-strlen-stub.o)
                0x10008008                strlen
 .text._malloc_trim_r
                0x10008064       0xb4 /home/alvaro/.pico-sdk/toolchain/13_2_Rel1/bin/../lib/gcc/arm-none-eabi/13.2.1/../../../../arm-none-eabi/lib/thumb/v6-m/nofp/libg.a(libc_a-freer.o)
                0x10008064                _malloc_trim_r
 .text._free_r  0x10008118      0x1d4 /home/alvaro/.pico-sdk/toolchain/13_2_Rel1/bin/../lib/gcc/arm-none-eabi/13.2.1/../../../../arm-none-eabi/lib/thumb/v6-m/nofp/libg.a(libc_a-freer.o)
                0x10008118                _free_r
 .text._sbrk_r  0x100082ec       0x24 /home/alvaro/.pico-sdk/toolchain/13_2_Rel1/bin/../lib/gcc/arm-none-eabi/13.2.1/../../../../arm-none-eabi/lib/thumb/v6-m/nofp/libg.a(libc_a-sbrkr.o)
                0x100082ec                _sbrk_r
 .text.__errno  0x10008310        0xc /home/alvaro/.pico-sdk/toolchain/13_2_Rel1/bin/../lib/gcc/arm-none-eabi/13.2.1/../../../../arm-none-eabi/lib/thumb/v6-m/nofp/libg.a(libc_a-errno.o)
                0x10008310                __errno
 *(.fini)
 .fini          0x1000831c        0x4 /home/alvaro/.pico-sdk/toolchain/13_2_Rel1/bin/../lib/gcc/arm-none-eabi/13.2.1/thumb/v6-m/nofp/crti.o
                0x1000831c                _fini
 .fini.__stub   0x10008320       0xc0 linker stubs
 *crtbegin.o(.ctors)
 *crtbegin?.o(.ctors)
 *(EXCLUDE_FILE(*crtend.o *crtend?.o) .ctors)
 *(SORT_BY_NAME(.ctors.*))
 *(.ctors)
 *crtbegin.o(.dtors)
 *crtbegin?.o(.dtors)
 *(EXCLUDE_FILE(*crtend.o *crtend?.o) .dtors)
 *(SORT_BY_NAME(.dtors.*))
 *(.dtors)
                0x100083e0                        . = ALIGN (0x4)
                0x100083e0                        PROVIDE (__preinit_array_start = .)
 *(SORT_BY_NAME(.preinit_array.*))
 .preinit_array.00100
                0x100083e0        0x4 CMakeFiles/test.dir/home/alvaro/.pico-sdk/sdk/2.0.0/src/rp2_common/pico_runtime_init/runtime_init.c.obj
                0x100083e0                __pre_init_runtime_init_early_resets
 .preinit_array.00101
                0x100083e4        0x4 CMakeFiles/test.dir/home/alvaro/.pico-sdk/sdk/2.0.0/src/rp2_common/pico_runtime_init/runtime_init.c.obj
                0x100083e4                __pre_init_runtime_init_usb_power_down
 .preinit_array.00275
                0x100083e8        0x4 CMakeFiles/test.dir/home/alvaro/.pico-sdk/sdk/2.0.0/src/rp2_common/pico_bit_ops/bit_ops_aeabi.S.obj
 .preinit_array.00300
                0x100083ec        0x4 CMakeFiles/test.dir/home/alvaro/.pico-sdk/sdk/2.0.0/src/rp2_common/pico_mem_ops/mem_ops_aeabi.S.obj
 .preinit_array.00350
                0x100083f0        0x4 CMakeFiles/test.dir/home/alvaro/.pico-sdk/sdk/2.0.0/src/rp2_common/pico_double/double_aeabi_rp2040.S.obj
 .preinit_array.00350
                0x100083f4        0x4 CMakeFiles/test.dir/home/alvaro/.pico-sdk/sdk/2.0.0/src/rp2_common/pico_float/float_aeabi_rp2040.S.obj
 .preinit_array.00500
                0x100083f8        0x4 CMakeFiles/test.dir/home/alvaro/.pico-sdk/sdk/2.0.0/src/rp2_common/pico_runtime_init/runtime_init.c.obj
                0x100083f8                __pre_init_runtime_init_clocks
 .preinit_array.00600
                0x100083fc        0x4 CMakeFiles/test.dir/home/alvaro/.pico-sdk/sdk/2.0.0/src/rp2_common/pico_runtime_init/runtime_init.c.obj
                0x100083fc                __pre_init_runtime_init_post_clock_resets
 .preinit_array.00700
                0x10008400        0x4 CMakeFiles/test.dir/home/alvaro/.pico-sdk/sdk/2.0.0/src/rp2_common/pico_runtime_init/runtime_init.c.obj
                0x10008400                __pre_init_runtime_init_rp2040_gpio_ie_disable
 .preinit_array.01000
                0x10008404        0x4 CMakeFiles/test.dir/home/alvaro/.pico-sdk/sdk/2.0.0/src/rp2_common/pico_runtime_init/runtime_init.c.obj
                0x10008404                __pre_init_runtime_init_spin_locks_reset
 .preinit_array.01100
                0x10008408        0x4 CMakeFiles/test.dir/home/alvaro/.pico-sdk/sdk/2.0.0/src/common/pico_sync/mutex.c.obj
                0x10008408                __pre_init_runtime_init_mutex
 .preinit_array.10080
                0x1000840c        0x4 CMakeFiles/test.dir/home/alvaro/.pico-sdk/sdk/2.0.0/src/rp2_common/pico_runtime_init/runtime_init.c.obj
                0x1000840c                __pre_init_runtime_init_install_ram_vector_table
 .preinit_array.11000
                0x10008410        0x4 CMakeFiles/test.dir/home/alvaro/.pico-sdk/sdk/2.0.0/src/common/pico_time/time.c.obj
                0x10008410                __pre_init_runtime_init_default_alarm_pool
 .preinit_array.YYYYY
                0x10008414        0x4 CMakeFiles/test.dir/home/alvaro/.pico-sdk/sdk/2.0.0/src/rp2_common/pico_runtime/runtime.c.obj
                0x10008414                __pre_init_first_per_core_initializer
 .preinit_array.ZZZZZ.01200
                0x10008418        0x4 CMakeFiles/test.dir/home/alvaro/.pico-sdk/sdk/2.0.0/src/rp2_common/hardware_irq/irq.c.obj
                0x10008418                __pre_init_runtime_init_per_core_irq_priorities
 *(.preinit_array)
                0x1000841c                        PROVIDE (__preinit_array_end = .)
                0x1000841c                        . = ALIGN (0x4)
                0x1000841c                        PROVIDE (__init_array_start = .)
 *(SORT_BY_NAME(.init_array.*))
 *(.init_array)
 .init_array    0x1000841c        0x4 /home/alvaro/.pico-sdk/toolchain/13_2_Rel1/bin/../lib/gcc/arm-none-eabi/13.2.1/thumb/v6-m/nofp/crtbegin.o
 .init_array    0x10008420        0x4 CMakeFiles/test.dir/home/alvaro/.pico-sdk/sdk/2.0.0/src/rp2_common/pico_unique_id/unique_id.c.obj
                0x10008424                        PROVIDE (__init_array_end = .)
                0x10008424                        . = ALIGN (0x4)
                [!provide]                        PROVIDE (__fini_array_start = .)
 *(SORT_BY_NAME(.fini_array.*))
 *(.fini_array)
                [!provide]                        PROVIDE (__fini_array_end = .)
 *(.eh_frame*)
 .eh_frame      0x10008424        0x0 /home/alvaro/.pico-sdk/toolchain/13_2_Rel1/bin/../lib/gcc/arm-none-eabi/13.2.1/thumb/v6-m/nofp/crtbegin.o
                0x10008424                        . = ALIGN (0x4)

.glue_7         0x10008424        0x0
 .glue_7        0x10008424        0x0 linker stubs

.glue_7t        0x10008424        0x0
 .glue_7t       0x10008424        0x0 linker stubs

.vfp11_veneer   0x10008424        0x0
 .vfp11_veneer  0x10008424        0x0 linker stubs

.v4_bx          0x10008424        0x0
 .v4_bx         0x10008424        0x0 linker stubs

.iplt           0x10008424        0x0
 .iplt          0x10008424        0x0 /home/alvaro/.pico-sdk/toolchain/13_2_Rel1/bin/../lib/gcc/arm-none-eabi/13.2.1/thumb/v6-m/nofp/crtbegin.o

.rodata         0x10008428      0x670
 *(EXCLUDE_FILE(*libm.a: *libc.a:*lib_a-mem*.o *libgcc.a:) .rodata*)
 .rodata.moveTo.str1.4
                0x10008428      0x1ac CMakeFiles/test.dir/code/ArmHandler.c.obj
                                 0x10 (size before relaxing)
 .rodata.panic.str1.4
                0x100085d4       0x12 CMakeFiles/test.dir/home/alvaro/.pico-sdk/sdk/2.0.0/src/rp2_common/pico_platform_panic/panic.c.obj
 .rodata.spin_lock_claim_unused.str1.4
                0x100085d4       0x1b CMakeFiles/test.dir/home/alvaro/.pico-sdk/sdk/2.0.0/src/rp2_common/hardware_sync/sync.c.obj
 .rodata.user_irq_claim_unused.str1.4
                0x100085d4       0x1b CMakeFiles/test.dir/home/alvaro/.pico-sdk/sdk/2.0.0/src/rp2_common/hardware_irq/irq.c.obj
 .rodata.timer_hardware_alarm_claim.str1.4
                0x100085d4       0x22 CMakeFiles/test.dir/home/alvaro/.pico-sdk/sdk/2.0.0/src/rp2_common/hardware_timer/timer.c.obj
 .rodata.hard_assertion_failure.str1.4
                0x100085d4        0xc CMakeFiles/test.dir/home/alvaro/.pico-sdk/sdk/2.0.0/src/rp2_common/pico_runtime/runtime.c.obj
 .rodata.__wrap_malloc.str1.4
                0x100085d4        0xe CMakeFiles/test.dir/home/alvaro/.pico-sdk/sdk/2.0.0/src/rp2_common/pico_malloc/malloc.c.obj
 .rodata.str1.4
                0x100085d4       0x30 CMakeFiles/test.dir/home/alvaro/.pico-sdk/sdk/2.0.0/src/rp2_common/pico_standard_binary_info/standard_binary_info.c.obj
 .rodata.__bi_84
                0x100085d4        0xc CMakeFiles/test.dir/home/alvaro/.pico-sdk/sdk/2.0.0/src/rp2_common/pico_standard_binary_info/standard_binary_info.c.obj
 .rodata.__bi_60
                0x100085e0        0xc CMakeFiles/test.dir/home/alvaro/.pico-sdk/sdk/2.0.0/src/rp2_common/pico_standard_binary_info/standard_binary_info.c.obj
 .rodata.__bi_54
                0x100085ec        0xc CMakeFiles/test.dir/home/alvaro/.pico-sdk/sdk/2.0.0/src/rp2_common/pico_standard_binary_info/standard_binary_info.c.obj
 .rodata.__bi_48
                0x100085f8        0xc CMakeFiles/test.dir/home/alvaro/.pico-sdk/sdk/2.0.0/src/rp2_common/pico_standard_binary_info/standard_binary_info.c.obj
 .rodata.__bi_42
                0x10008604        0xc CMakeFiles/test.dir/home/alvaro/.pico-sdk/sdk/2.0.0/src/rp2_common/pico_standard_binary_info/standard_binary_info.c.obj
 .rodata.__bi_34
                0x10008610        0xc CMakeFiles/test.dir/home/alvaro/.pico-sdk/sdk/2.0.0/src/rp2_common/pico_standard_binary_info/standard_binary_info.c.obj
 .rodata.__bi_26
                0x1000861c        0xc CMakeFiles/test.dir/home/alvaro/.pico-sdk/sdk/2.0.0/src/rp2_common/pico_standard_binary_info/standard_binary_info.c.obj
 .rodata._ftoa.str1.4
                0x10008628       0x15 CMakeFiles/test.dir/home/alvaro/.pico-sdk/sdk/2.0.0/src/rp2_common/pico_printf/printf.c.obj
 .rodata._vsnprintf
                0x10008628      0x19c CMakeFiles/test.dir/home/alvaro/.pico-sdk/sdk/2.0.0/src/rp2_common/pico_printf/printf.c.obj
 *fill*         0x100087c4        0x4 
 .rodata.pow10.0
                0x100087c8       0x50 CMakeFiles/test.dir/home/alvaro/.pico-sdk/sdk/2.0.0/src/rp2_common/pico_printf/printf.c.obj
 .rodata.crlf_str.0
                0x10008818        0x2 CMakeFiles/test.dir/home/alvaro/.pico-sdk/sdk/2.0.0/src/rp2_common/pico_stdio/stdio.c.obj
 .rodata.str1.4
                0x1000881a       0x2c CMakeFiles/test.dir/home/alvaro/.pico-sdk/sdk/2.0.0/src/rp2_common/pico_stdio_uart/stdio_uart.c.obj
 *fill*         0x1000881a        0x2 
 .rodata.__bi_45.4
                0x1000881c        0xc CMakeFiles/test.dir/home/alvaro/.pico-sdk/sdk/2.0.0/src/rp2_common/pico_stdio_uart/stdio_uart.c.obj
 .rodata.__bi_49.5
                0x10008828        0x8 CMakeFiles/test.dir/home/alvaro/.pico-sdk/sdk/2.0.0/src/rp2_common/pico_stdio_uart/stdio_uart.c.obj
 .rodata.__bi_50.6
                0x10008830        0x8 CMakeFiles/test.dir/home/alvaro/.pico-sdk/sdk/2.0.0/src/rp2_common/pico_stdio_uart/stdio_uart.c.obj
 .rodata._resetd_driver
                0x10008838       0x20 CMakeFiles/test.dir/home/alvaro/.pico-sdk/sdk/2.0.0/src/rp2_common/pico_stdio_usb/reset_interface.c.obj
 .rodata.desc_ms_os_20
                0x10008858       0xa6 CMakeFiles/test.dir/home/alvaro/.pico-sdk/sdk/2.0.0/src/rp2_common/pico_stdio_usb/reset_interface.c.obj
 *fill*         0x100088fe        0x2 
 .rodata.desc_bos
                0x10008900       0x21 CMakeFiles/test.dir/home/alvaro/.pico-sdk/sdk/2.0.0/src/rp2_common/pico_stdio_usb/reset_interface.c.obj
                0x10008900                desc_bos
 .rodata.str1.4
                0x10008921       0x13 CMakeFiles/test.dir/home/alvaro/.pico-sdk/sdk/2.0.0/src/rp2_common/pico_stdio_usb/stdio_usb.c.obj
 *fill*         0x10008921        0x3 
 .rodata.__bi_197.0
                0x10008924        0xc CMakeFiles/test.dir/home/alvaro/.pico-sdk/sdk/2.0.0/src/rp2_common/pico_stdio_usb/stdio_usb.c.obj
 .rodata.str1.4
                0x10008930       0x2a CMakeFiles/test.dir/home/alvaro/.pico-sdk/sdk/2.0.0/src/rp2_common/pico_stdio_usb/stdio_usb_descriptors.c.obj
 .rodata.usbd_desc_str
                0x10008930       0x18 CMakeFiles/test.dir/home/alvaro/.pico-sdk/sdk/2.0.0/src/rp2_common/pico_stdio_usb/stdio_usb_descriptors.c.obj
 .rodata.usbd_desc_cfg
                0x10008948       0x54 CMakeFiles/test.dir/home/alvaro/.pico-sdk/sdk/2.0.0/src/rp2_common/pico_stdio_usb/stdio_usb_descriptors.c.obj
 .rodata.usbd_desc_device
                0x1000899c       0x12 CMakeFiles/test.dir/home/alvaro/.pico-sdk/sdk/2.0.0/src/rp2_common/pico_stdio_usb/stdio_usb_descriptors.c.obj
 .rodata.str1.4
                0x100089ae       0x14 CMakeFiles/test.dir/home/alvaro/.pico-sdk/sdk/2.0.0/lib/tinyusb/src/portable/raspberrypi/rp2040/dcd_rp2040.c.obj
 .rodata.str1.4
                0x100089ae       0x48 CMakeFiles/test.dir/home/alvaro/.pico-sdk/sdk/2.0.0/lib/tinyusb/src/portable/raspberrypi/rp2040/rp2040_usb.c.obj
 *fill*         0x100089ae        0x2 
 .rodata.tud_task_ext
                0x100089b0       0x8c CMakeFiles/test.dir/home/alvaro/.pico-sdk/sdk/2.0.0/lib/tinyusb/src/device/usbd.c.obj
 .rodata        0x10008a3c       0x1c CMakeFiles/test.dir/home/alvaro/.pico-sdk/sdk/2.0.0/lib/tinyusb/src/device/usbd.c.obj
 .rodata._usbd_driver
                0x10008a58       0x40 CMakeFiles/test.dir/home/alvaro/.pico-sdk/sdk/2.0.0/lib/tinyusb/src/device/usbd.c.obj
                0x10008a98                        . = ALIGN (0x4)
 *(SORT_BY_ALIGNMENT(SORT_BY_NAME(.flashdata*)))
                0x10008a98                        . = ALIGN (0x4)

.ARM.extab
 *(.ARM.extab* .gnu.linkonce.armextab.*)
                0x10008a98                        __exidx_start = .

.ARM.exidx
 *(.ARM.exidx* .gnu.linkonce.armexidx.*)
                0x10008a98                        __exidx_end = .
                0x10008a98                        . = ALIGN (0x4)
                0x10008a98                        __binary_info_start = .

.binary_info    0x10008a98       0x2c
 *(.binary_info.keep.*)
 .binary_info.keep.__bi_ptr84
                0x10008a98        0x4 CMakeFiles/test.dir/home/alvaro/.pico-sdk/sdk/2.0.0/src/rp2_common/pico_standard_binary_info/standard_binary_info.c.obj
 .binary_info.keep.__bi_ptr60
                0x10008a9c        0x4 CMakeFiles/test.dir/home/alvaro/.pico-sdk/sdk/2.0.0/src/rp2_common/pico_standard_binary_info/standard_binary_info.c.obj
 .binary_info.keep.__bi_ptr54
                0x10008aa0        0x4 CMakeFiles/test.dir/home/alvaro/.pico-sdk/sdk/2.0.0/src/rp2_common/pico_standard_binary_info/standard_binary_info.c.obj
 .binary_info.keep.__bi_ptr48
                0x10008aa4        0x4 CMakeFiles/test.dir/home/alvaro/.pico-sdk/sdk/2.0.0/src/rp2_common/pico_standard_binary_info/standard_binary_info.c.obj
 .binary_info.keep.__bi_ptr42
                0x10008aa8        0x4 CMakeFiles/test.dir/home/alvaro/.pico-sdk/sdk/2.0.0/src/rp2_common/pico_standard_binary_info/standard_binary_info.c.obj
 .binary_info.keep.__bi_ptr34
                0x10008aac        0x4 CMakeFiles/test.dir/home/alvaro/.pico-sdk/sdk/2.0.0/src/rp2_common/pico_standard_binary_info/standard_binary_info.c.obj
 .binary_info.keep.__bi_ptr26
                0x10008ab0        0x4 CMakeFiles/test.dir/home/alvaro/.pico-sdk/sdk/2.0.0/src/rp2_common/pico_standard_binary_info/standard_binary_info.c.obj
 *(.binary_info.*)
 .binary_info.__bi_ptr50
                0x10008ab4        0x4 CMakeFiles/test.dir/home/alvaro/.pico-sdk/sdk/2.0.0/src/rp2_common/pico_stdio_uart/stdio_uart.c.obj
 .binary_info.__bi_ptr49
                0x10008ab8        0x4 CMakeFiles/test.dir/home/alvaro/.pico-sdk/sdk/2.0.0/src/rp2_common/pico_stdio_uart/stdio_uart.c.obj
 .binary_info.__bi_ptr45
                0x10008abc        0x4 CMakeFiles/test.dir/home/alvaro/.pico-sdk/sdk/2.0.0/src/rp2_common/pico_stdio_uart/stdio_uart.c.obj
 .binary_info.__bi_ptr197
                0x10008ac0        0x4 CMakeFiles/test.dir/home/alvaro/.pico-sdk/sdk/2.0.0/src/rp2_common/pico_stdio_usb/stdio_usb.c.obj
                0x10008ac4                        __binary_info_end = .

.rel.dyn        0x10008ac4        0x0
 .rel.iplt      0x10008ac4        0x0 /home/alvaro/.pico-sdk/toolchain/13_2_Rel1/bin/../lib/gcc/arm-none-eabi/13.2.1/thumb/v6-m/nofp/crtbegin.o
                0x10008ac4                        . = ALIGN (0x4)

.ram_vector_table
                0x20000000       0xc0
 *(.ram_vector_table)
 .ram_vector_table
                0x20000000       0xc0 CMakeFiles/test.dir/home/alvaro/.pico-sdk/sdk/2.0.0/src/rp2_common/pico_runtime_init/runtime_init.c.obj
                0x20000000                ram_vector_table

.uninitialized_data
                0x200000c0        0x0
                0x200000c0                        . = ALIGN (0x4)
 *(.uninitialized_data*)

.data           0x200000c0     0x1500 load address 0x10008ac4
                0x200000c0                        __data_start__ = .
 *(vtable)
 *(.time_critical*)
 .time_critical.mutex_try_enter
                0x200000c0       0x40 CMakeFiles/test.dir/home/alvaro/.pico-sdk/sdk/2.0.0/src/common/pico_sync/mutex.c.obj
                0x200000c0                mutex_try_enter
 .time_critical.mutex_try_enter_block_until
                0x20000100       0x9c CMakeFiles/test.dir/home/alvaro/.pico-sdk/sdk/2.0.0/src/common/pico_sync/mutex.c.obj
                0x20000100                mutex_try_enter_block_until
 .time_critical.mutex_enter_timeout_ms
                0x2000019c       0x90 CMakeFiles/test.dir/home/alvaro/.pico-sdk/sdk/2.0.0/src/common/pico_sync/mutex.c.obj
                0x2000019c                mutex_enter_timeout_ms
 .time_critical.mutex_exit
                0x2000022c       0x28 CMakeFiles/test.dir/home/alvaro/.pico-sdk/sdk/2.0.0/src/common/pico_sync/mutex.c.obj
                0x2000022c                mutex_exit
 .time_critical.flash_init_boot2_copyout
                0x20000254       0x30 CMakeFiles/test.dir/home/alvaro/.pico-sdk/sdk/2.0.0/src/rp2_common/hardware_flash/flash.c.obj
 .time_critical.flash_enable_xip_via_boot2
                0x20000284        0xc CMakeFiles/test.dir/home/alvaro/.pico-sdk/sdk/2.0.0/src/rp2_common/hardware_flash/flash.c.obj
 .time_critical.flash_cs_force
                0x20000290       0x38 CMakeFiles/test.dir/home/alvaro/.pico-sdk/sdk/2.0.0/src/rp2_common/hardware_flash/flash.c.obj
 .time_critical.flash_do_cmd
                0x200002c8       0xc0 CMakeFiles/test.dir/home/alvaro/.pico-sdk/sdk/2.0.0/src/rp2_common/hardware_flash/flash.c.obj
                0x200002c8                flash_do_cmd
 .time_critical.reset_non_control_endpoints
                0x20000388       0x68 CMakeFiles/test.dir/home/alvaro/.pico-sdk/sdk/2.0.0/lib/tinyusb/src/portable/raspberrypi/rp2040/dcd_rp2040.c.obj
 .time_critical.hw_handle_buff_status
                0x200003f0       0xb0 CMakeFiles/test.dir/home/alvaro/.pico-sdk/sdk/2.0.0/lib/tinyusb/src/portable/raspberrypi/rp2040/dcd_rp2040.c.obj
 .time_critical.dcd_rp2040_irq
                0x200004a0      0x578 CMakeFiles/test.dir/home/alvaro/.pico-sdk/sdk/2.0.0/lib/tinyusb/src/portable/raspberrypi/rp2040/dcd_rp2040.c.obj
 .time_critical.prepare_ep_buffer
                0x20000a18       0xe0 CMakeFiles/test.dir/home/alvaro/.pico-sdk/sdk/2.0.0/lib/tinyusb/src/portable/raspberrypi/rp2040/rp2040_usb.c.obj
 .time_critical.sync_ep_buffer
                0x20000af8       0xa8 CMakeFiles/test.dir/home/alvaro/.pico-sdk/sdk/2.0.0/lib/tinyusb/src/portable/raspberrypi/rp2040/rp2040_usb.c.obj
 .time_critical._hw_endpoint_xfer_sync
                0x20000ba0       0x28 CMakeFiles/test.dir/home/alvaro/.pico-sdk/sdk/2.0.0/lib/tinyusb/src/portable/raspberrypi/rp2040/rp2040_usb.c.obj
 .time_critical.e15_is_bulkin_ep
                0x20000bc8       0x28 CMakeFiles/test.dir/home/alvaro/.pico-sdk/sdk/2.0.0/lib/tinyusb/src/portable/raspberrypi/rp2040/rp2040_usb.c.obj
 .time_critical.e15_is_critical_frame_period
                0x20000bf0       0x34 CMakeFiles/test.dir/home/alvaro/.pico-sdk/sdk/2.0.0/lib/tinyusb/src/portable/raspberrypi/rp2040/rp2040_usb.c.obj
 .time_critical.hw_endpoint_reset_transfer
                0x20000c24        0xc CMakeFiles/test.dir/home/alvaro/.pico-sdk/sdk/2.0.0/lib/tinyusb/src/portable/raspberrypi/rp2040/rp2040_usb.c.obj
                0x20000c24                hw_endpoint_reset_transfer
 .time_critical._hw_endpoint_buffer_control_update32
                0x20000c30       0x50 CMakeFiles/test.dir/home/alvaro/.pico-sdk/sdk/2.0.0/lib/tinyusb/src/portable/raspberrypi/rp2040/rp2040_usb.c.obj
                0x20000c30                _hw_endpoint_buffer_control_update32
 .time_critical.hw_endpoint_start_next_buffer
                0x20000c80       0x6c CMakeFiles/test.dir/home/alvaro/.pico-sdk/sdk/2.0.0/lib/tinyusb/src/portable/raspberrypi/rp2040/rp2040_usb.c.obj
                0x20000c80                hw_endpoint_start_next_buffer
 .time_critical.hw_endpoint_xfer_continue
                0x20000cec       0x40 CMakeFiles/test.dir/home/alvaro/.pico-sdk/sdk/2.0.0/lib/tinyusb/src/portable/raspberrypi/rp2040/rp2040_usb.c.obj
                0x20000cec                hw_endpoint_xfer_continue
 .time_critical.tinyusb
                0x20000d2c      0x1e4 CMakeFiles/test.dir/home/alvaro/.pico-sdk/sdk/2.0.0/lib/tinyusb/src/device/usbd.c.obj
                0x20000d2c                dcd_event_handler
 *(.text*)
 .text          0x20000f10        0x4 /home/alvaro/.pico-sdk/toolchain/13_2_Rel1/bin/../lib/gcc/arm-none-eabi/13.2.1/thumb/v6-m/nofp/libgcc.a(_dvmd_tls.o)
                0x20000f10                __aeabi_ldiv0
                0x20000f10                __aeabi_idiv0
 *fill*         0x20000f14        0x4 
 .text.__stub   0x20000f18       0x80 linker stubs
                0x20000f98                        . = ALIGN (0x4)
 *(.rodata*)
                0x20000f98                        . = ALIGN (0x4)
 *(.data*)
 .data.wrap     0x20000f98        0x4 CMakeFiles/test.dir/servo/servo.c.obj
                0x20000f98                wrap
 .data.clockDiv
                0x20000f9c        0x4 CMakeFiles/test.dir/servo/servo.c.obj
                0x20000f9c                clockDiv
 .data.striped_spin_lock_num
                0x20000fa0        0x1 CMakeFiles/test.dir/home/alvaro/.pico-sdk/sdk/2.0.0/src/rp2_common/hardware_sync/sync.c.obj
 *fill*         0x20000fa1        0x3 
 .data          0x20000fa4       0x48 CMakeFiles/test.dir/home/alvaro/.pico-sdk/sdk/2.0.0/src/rp2_common/hardware_irq/irq_handler_chain.S.obj
                0x20000fa4                irq_handler_chain_slots
                0x20000fd4                irq_handler_chain_first_slot
                0x20000fde                irq_handler_chain_remove_tail
 .data.default_alarm_pool
                0x20000fec       0x18 CMakeFiles/test.dir/home/alvaro/.pico-sdk/sdk/2.0.0/src/common/pico_time/time.c.obj
 *fill*         0x20001004        0xc 
 .data.aeabi_bits_funcs
                0x20001010       0x10 CMakeFiles/test.dir/home/alvaro/.pico-sdk/sdk/2.0.0/src/rp2_common/pico_bit_ops/bit_ops_aeabi.S.obj
                0x20001010                aeabi_bits_funcs
                0x20001020                aeabi_bits_funcs_end
 .data.aeabi_mem_funcs
                0x20001020       0x10 CMakeFiles/test.dir/home/alvaro/.pico-sdk/sdk/2.0.0/src/rp2_common/pico_mem_ops/mem_ops_aeabi.S.obj
                0x20001020                aeabi_mem_funcs
                0x20001030                aeabi_mem_funcs_end
 .data.stdio_uart
                0x20001030       0x18 CMakeFiles/test.dir/home/alvaro/.pico-sdk/sdk/2.0.0/src/rp2_common/pico_stdio_uart/stdio_uart.c.obj
                0x20001030                stdio_uart
 .data.stdio_usb
                0x20001048       0x18 CMakeFiles/test.dir/home/alvaro/.pico-sdk/sdk/2.0.0/src/rp2_common/pico_stdio_usb/stdio_usb.c.obj
                0x20001048                stdio_usb
 .data._usbd_qdef
                0x20001060       0x1c CMakeFiles/test.dir/home/alvaro/.pico-sdk/sdk/2.0.0/lib/tinyusb/src/device/usbd.c.obj
                0x20001060                _usbd_qdef
 .data._usbd_rhport
                0x2000107c        0x1 CMakeFiles/test.dir/home/alvaro/.pico-sdk/sdk/2.0.0/lib/tinyusb/src/device/usbd.c.obj
 *fill*         0x2000107d        0x3 
 .data.__malloc_sbrk_base
                0x20001080        0x4 /home/alvaro/.pico-sdk/toolchain/13_2_Rel1/bin/../lib/gcc/arm-none-eabi/13.2.1/../../../../arm-none-eabi/lib/thumb/v6-m/nofp/libg.a(libc_a-mallocr.o)
                0x20001080                __malloc_sbrk_base
 .data.__malloc_trim_threshold
                0x20001084        0x4 /home/alvaro/.pico-sdk/toolchain/13_2_Rel1/bin/../lib/gcc/arm-none-eabi/13.2.1/../../../../arm-none-eabi/lib/thumb/v6-m/nofp/libg.a(libc_a-mallocr.o)
                0x20001084                __malloc_trim_threshold
 .data.__malloc_av_
                0x20001088      0x408 /home/alvaro/.pico-sdk/toolchain/13_2_Rel1/bin/../lib/gcc/arm-none-eabi/13.2.1/../../../../arm-none-eabi/lib/thumb/v6-m/nofp/libg.a(libc_a-mallocr.o)
                0x20001088                __malloc_av_
 .data._impure_ptr
                0x20001490        0x4 /home/alvaro/.pico-sdk/toolchain/13_2_Rel1/bin/../lib/gcc/arm-none-eabi/13.2.1/../../../../arm-none-eabi/lib/thumb/v6-m/nofp/libg.a(libc_a-impure.o)
                0x20001490                _impure_ptr
 *fill*         0x20001494        0x4 
 .data._impure_data
                0x20001498      0x120 /home/alvaro/.pico-sdk/toolchain/13_2_Rel1/bin/../lib/gcc/arm-none-eabi/13.2.1/../../../../arm-none-eabi/lib/thumb/v6-m/nofp/libg.a(libc_a-impure.o)
                0x20001498                _impure_data
                0x200015b8                        . = ALIGN (0x4)
 *(.after_data.*)
                0x200015b8                        . = ALIGN (0x4)
                0x200015b8                        PROVIDE (__mutex_array_start = .)
 *(SORT_BY_NAME(.mutex_array.*))
 *(.mutex_array)
 .mutex_array   0x200015b8        0x8 CMakeFiles/test.dir/home/alvaro/.pico-sdk/sdk/2.0.0/src/rp2_common/pico_stdio/stdio.c.obj
                0x200015c0                        PROVIDE (__mutex_array_end = .)
                0x200015c0                        . = ALIGN (0x4)
 *(.jcr)
                0x200015c0                        . = ALIGN (0x4)

.tm_clone_table
                0x200015c0        0x0 load address 0x10009fc4
 .tm_clone_table
                0x200015c0        0x0 /home/alvaro/.pico-sdk/toolchain/13_2_Rel1/bin/../lib/gcc/arm-none-eabi/13.2.1/thumb/v6-m/nofp/crtbegin.o
 .tm_clone_table
                0x200015c0        0x0 /home/alvaro/.pico-sdk/toolchain/13_2_Rel1/bin/../lib/gcc/arm-none-eabi/13.2.1/thumb/v6-m/nofp/crtend.o

.igot.plt       0x200015c0        0x0 load address 0x10009fc4
 .igot.plt      0x200015c0        0x0 /home/alvaro/.pico-sdk/toolchain/13_2_Rel1/bin/../lib/gcc/arm-none-eabi/13.2.1/thumb/v6-m/nofp/crtbegin.o

.tdata          0x200015c0        0x0 load address 0x10009fc4
                0x200015c0                        . = ALIGN (0x4)
 *(.tdata .tdata.* .gnu.linkonce.td.*)
                0x200015c0                        __tdata_end = .
                0x200015c0                        PROVIDE (__data_end__ = .)
                0x10008ac4                        __etext = LOADADDR (.data)

.tbss           0x200015c0        0x0 load address 0x10009fc4
                0x200015c0                        . = ALIGN (0x4)
                0x200015c0                        __bss_start__ = .
                0x200015c0                        __tls_base = .
 *(.tbss .tbss.* .gnu.linkonce.tb.*)
 *(.tcommon)
                0x200015c0                        __tls_end = .

.bss            0x200015c0     0x11f4 load address 0x10009fc4
                0x200015c0                        . = ALIGN (0x4)
                0x200015c0                        __tbss_end = .
 *(SORT_BY_ALIGNMENT(SORT_BY_NAME(.bss*)))
 .bss._vendord_itf
                0x200015c0      0x2bc CMakeFiles/test.dir/home/alvaro/.pico-sdk/sdk/2.0.0/lib/tinyusb/src/class/vendor/vendor_device.c.obj
 *fill*         0x2000187c        0x4 
 .bss.default_alarm_pool_entries
                0x20001880      0x180 CMakeFiles/test.dir/home/alvaro/.pico-sdk/sdk/2.0.0/src/common/pico_time/time.c.obj
 .bss.last_avail_time.1
                0x20001a00        0x8 CMakeFiles/test.dir/home/alvaro/.pico-sdk/sdk/2.0.0/src/rp2_common/pico_stdio_usb/stdio_usb.c.obj
 .bss.sd_table  0x20001a08      0x100 CMakeFiles/test.dir/home/alvaro/.pico-sdk/sdk/2.0.0/src/rp2_common/pico_double/double_init_rom_rp2040.c.obj
                0x20001a08                sd_table
 .bss.sf_table  0x20001b08      0x100 CMakeFiles/test.dir/home/alvaro/.pico-sdk/sdk/2.0.0/src/rp2_common/pico_float/float_init_rom_rp2040.c.obj
                0x20001b08                sf_table
 .bss.__lock___malloc_recursive_mutex
                0x20001c08        0x1 /home/alvaro/.pico-sdk/toolchain/13_2_Rel1/bin/../lib/gcc/arm-none-eabi/13.2.1/../../../../arm-none-eabi/lib/thumb/v6-m/nofp/libg.a(libc_a-lock.o)
                0x20001c08                __lock___malloc_recursive_mutex
 *fill*         0x20001c09        0x3 
 .bss.__malloc_current_mallinfo
                0x20001c0c       0x28 /home/alvaro/.pico-sdk/toolchain/13_2_Rel1/bin/../lib/gcc/arm-none-eabi/13.2.1/../../../../arm-none-eabi/lib/thumb/v6-m/nofp/libg.a(libc_a-mallocr.o)
                0x20001c0c                __malloc_current_mallinfo
 .bss.__malloc_max_sbrked_mem
                0x20001c34        0x4 /home/alvaro/.pico-sdk/toolchain/13_2_Rel1/bin/../lib/gcc/arm-none-eabi/13.2.1/../../../../arm-none-eabi/lib/thumb/v6-m/nofp/libg.a(libc_a-mallocr.o)
                0x20001c34                __malloc_max_sbrked_mem
 .bss.__malloc_max_total_mem
                0x20001c38        0x4 /home/alvaro/.pico-sdk/toolchain/13_2_Rel1/bin/../lib/gcc/arm-none-eabi/13.2.1/../../../../arm-none-eabi/lib/thumb/v6-m/nofp/libg.a(libc_a-mallocr.o)
                0x20001c38                __malloc_max_total_mem
 .bss.__malloc_top_pad
                0x20001c3c        0x4 /home/alvaro/.pico-sdk/toolchain/13_2_Rel1/bin/../lib/gcc/arm-none-eabi/13.2.1/../../../../arm-none-eabi/lib/thumb/v6-m/nofp/libg.a(libc_a-mallocr.o)
                0x20001c3c                __malloc_top_pad
 .bss.__sf      0x20001c40      0x138 /home/alvaro/.pico-sdk/toolchain/13_2_Rel1/bin/../lib/gcc/arm-none-eabi/13.2.1/../../../../arm-none-eabi/lib/thumb/v6-m/nofp/libg.a(libc_a-findfp.o)
                0x20001c40                __sf
 .bss._app_driver
                0x20001d78        0x4 CMakeFiles/test.dir/home/alvaro/.pico-sdk/sdk/2.0.0/lib/tinyusb/src/device/usbd.c.obj
 .bss._cdcd_fifo_cfg
                0x20001d7c        0x1 CMakeFiles/test.dir/home/alvaro/.pico-sdk/sdk/2.0.0/lib/tinyusb/src/class/cdc/cdc_device.c.obj
 *fill*         0x20001d7d        0x3 
 .bss._cdcd_itf
                0x20001d80      0x2c8 CMakeFiles/test.dir/home/alvaro/.pico-sdk/sdk/2.0.0/lib/tinyusb/src/class/cdc/cdc_device.c.obj
 .bss._ctrl_xfer
                0x20002048       0x14 CMakeFiles/test.dir/home/alvaro/.pico-sdk/sdk/2.0.0/lib/tinyusb/src/device/usbd_control.c.obj
 .bss._ubsd_mutexdef
                0x2000205c        0x8 CMakeFiles/test.dir/home/alvaro/.pico-sdk/sdk/2.0.0/lib/tinyusb/src/device/usbd.c.obj
 .bss._usbd_ctrl_buf
                0x20002064       0x40 CMakeFiles/test.dir/home/alvaro/.pico-sdk/sdk/2.0.0/lib/tinyusb/src/device/usbd_control.c.obj
 .bss._usbd_dev
                0x200020a4       0x54 CMakeFiles/test.dir/home/alvaro/.pico-sdk/sdk/2.0.0/lib/tinyusb/src/device/usbd.c.obj
 .bss._usbd_mutex
                0x200020f8        0x4 CMakeFiles/test.dir/home/alvaro/.pico-sdk/sdk/2.0.0/lib/tinyusb/src/device/usbd.c.obj
 .bss._usbd_q   0x200020fc        0x4 CMakeFiles/test.dir/home/alvaro/.pico-sdk/sdk/2.0.0/lib/tinyusb/src/device/usbd.c.obj
 .bss._usbd_qdef_buf
                0x20002100       0xc0 CMakeFiles/test.dir/home/alvaro/.pico-sdk/sdk/2.0.0/lib/tinyusb/src/device/usbd.c.obj
                0x20002100                _usbd_qdef_buf
 .bss.boot2_copyout
                0x200021c0      0x100 CMakeFiles/test.dir/home/alvaro/.pico-sdk/sdk/2.0.0/src/rp2_common/hardware_flash/flash.c.obj
 .bss.chars_available_callback
                0x200022c0        0x4 CMakeFiles/test.dir/home/alvaro/.pico-sdk/sdk/2.0.0/src/rp2_common/pico_stdio_uart/stdio_uart.c.obj
 .bss.chars_available_callback
                0x200022c4        0x4 CMakeFiles/test.dir/home/alvaro/.pico-sdk/sdk/2.0.0/src/rp2_common/pico_stdio_usb/stdio_usb.c.obj
 .bss.chars_available_param
                0x200022c8        0x4 CMakeFiles/test.dir/home/alvaro/.pico-sdk/sdk/2.0.0/src/rp2_common/pico_stdio_uart/stdio_uart.c.obj
 .bss.chars_available_param
                0x200022cc        0x4 CMakeFiles/test.dir/home/alvaro/.pico-sdk/sdk/2.0.0/src/rp2_common/pico_stdio_usb/stdio_usb.c.obj
 .bss.claimed   0x200022d0        0x4 CMakeFiles/test.dir/home/alvaro/.pico-sdk/sdk/2.0.0/src/rp2_common/hardware_sync/sync.c.obj
 .bss.claimed   0x200022d4        0x1 CMakeFiles/test.dir/home/alvaro/.pico-sdk/sdk/2.0.0/src/rp2_common/hardware_timer/timer.c.obj
 *fill*         0x200022d5        0x3 
 .bss.configured_freq